Archive member included to satisfy reference by file (symbol)

D:/setups/stm32/STM32CubeIDE_1.19.0/STM32CubeIDE/plugins/com.st.stm32cube.ide.mcu.externaltools.gnu-tools-for-stm32.13.3.rel1.win32_1.0.100.202509120712/tools/bin/../lib/gcc/arm-none-eabi/13.3.1/../../../../arm-none-eabi/lib/thumb/v7e-m+fp/hard\libc_nano.a(libc_a-calloc.o)
                              ./Src/filters.o (calloc)
D:/setups/stm32/STM32CubeIDE_1.19.0/STM32CubeIDE/plugins/com.st.stm32cube.ide.mcu.externaltools.gnu-tools-for-stm32.13.3.rel1.win32_1.0.100.202509120712/tools/bin/../lib/gcc/arm-none-eabi/13.3.1/../../../../arm-none-eabi/lib/thumb/v7e-m+fp/hard\libc_nano.a(libc_a-callocr.o)
                              D:/setups/stm32/STM32CubeIDE_1.19.0/STM32CubeIDE/plugins/com.st.stm32cube.ide.mcu.externaltools.gnu-tools-for-stm32.13.3.rel1.win32_1.0.100.202509120712/tools/bin/../lib/gcc/arm-none-eabi/13.3.1/../../../../arm-none-eabi/lib/thumb/v7e-m+fp/hard\libc_nano.a(libc_a-calloc.o) (_calloc_r)
D:/setups/stm32/STM32CubeIDE_1.19.0/STM32CubeIDE/plugins/com.st.stm32cube.ide.mcu.externaltools.gnu-tools-for-stm32.13.3.rel1.win32_1.0.100.202509120712/tools/bin/../lib/gcc/arm-none-eabi/13.3.1/../../../../arm-none-eabi/lib/thumb/v7e-m+fp/hard\libc_nano.a(libc_a-exit.o)
                              D:/setups/stm32/STM32CubeIDE_1.19.0/STM32CubeIDE/plugins/com.st.stm32cube.ide.mcu.externaltools.gnu-tools-for-stm32.13.3.rel1.win32_1.0.100.202509120712/tools/bin/../lib/gcc/arm-none-eabi/13.3.1/../../../../arm-none-eabi/lib/thumb/v7e-m+fp/hard/crt0.o (exit)
D:/setups/stm32/STM32CubeIDE_1.19.0/STM32CubeIDE/plugins/com.st.stm32cube.ide.mcu.externaltools.gnu-tools-for-stm32.13.3.rel1.win32_1.0.100.202509120712/tools/bin/../lib/gcc/arm-none-eabi/13.3.1/../../../../arm-none-eabi/lib/thumb/v7e-m+fp/hard\libc_nano.a(libc_a-mallocr.o)
                              D:/setups/stm32/STM32CubeIDE_1.19.0/STM32CubeIDE/plugins/com.st.stm32cube.ide.mcu.externaltools.gnu-tools-for-stm32.13.3.rel1.win32_1.0.100.202509120712/tools/bin/../lib/gcc/arm-none-eabi/13.3.1/../../../../arm-none-eabi/lib/thumb/v7e-m+fp/hard\libc_nano.a(libc_a-callocr.o) (_malloc_r)
D:/setups/stm32/STM32CubeIDE_1.19.0/STM32CubeIDE/plugins/com.st.stm32cube.ide.mcu.externaltools.gnu-tools-for-stm32.13.3.rel1.win32_1.0.100.202509120712/tools/bin/../lib/gcc/arm-none-eabi/13.3.1/../../../../arm-none-eabi/lib/thumb/v7e-m+fp/hard\libc_nano.a(libc_a-mlock.o)
                              D:/setups/stm32/STM32CubeIDE_1.19.0/STM32CubeIDE/plugins/com.st.stm32cube.ide.mcu.externaltools.gnu-tools-for-stm32.13.3.rel1.win32_1.0.100.202509120712/tools/bin/../lib/gcc/arm-none-eabi/13.3.1/../../../../arm-none-eabi/lib/thumb/v7e-m+fp/hard\libc_nano.a(libc_a-mallocr.o) (__malloc_lock)
D:/setups/stm32/STM32CubeIDE_1.19.0/STM32CubeIDE/plugins/com.st.stm32cube.ide.mcu.externaltools.gnu-tools-for-stm32.13.3.rel1.win32_1.0.100.202509120712/tools/bin/../lib/gcc/arm-none-eabi/13.3.1/../../../../arm-none-eabi/lib/thumb/v7e-m+fp/hard\libc_nano.a(libc_a-nano-vfprintf_float.o)
                              (_printf_float)
D:/setups/stm32/STM32CubeIDE_1.19.0/STM32CubeIDE/plugins/com.st.stm32cube.ide.mcu.externaltools.gnu-tools-for-stm32.13.3.rel1.win32_1.0.100.202509120712/tools/bin/../lib/gcc/arm-none-eabi/13.3.1/../../../../arm-none-eabi/lib/thumb/v7e-m+fp/hard\libc_nano.a(libc_a-nano-vfprintf_i.o)
                              D:/setups/stm32/STM32CubeIDE_1.19.0/STM32CubeIDE/plugins/com.st.stm32cube.ide.mcu.externaltools.gnu-tools-for-stm32.13.3.rel1.win32_1.0.100.202509120712/tools/bin/../lib/gcc/arm-none-eabi/13.3.1/../../../../arm-none-eabi/lib/thumb/v7e-m+fp/hard\libc_nano.a(libc_a-nano-vfprintf_float.o) (_printf_common)
D:/setups/stm32/STM32CubeIDE_1.19.0/STM32CubeIDE/plugins/com.st.stm32cube.ide.mcu.externaltools.gnu-tools-for-stm32.13.3.rel1.win32_1.0.100.202509120712/tools/bin/../lib/gcc/arm-none-eabi/13.3.1/../../../../arm-none-eabi/lib/thumb/v7e-m+fp/hard\libc_nano.a(libc_a-nano-vfscanf_float.o)
                              (_scanf_float)
D:/setups/stm32/STM32CubeIDE_1.19.0/STM32CubeIDE/plugins/com.st.stm32cube.ide.mcu.externaltools.gnu-tools-for-stm32.13.3.rel1.win32_1.0.100.202509120712/tools/bin/../lib/gcc/arm-none-eabi/13.3.1/../../../../arm-none-eabi/lib/thumb/v7e-m+fp/hard\libc_nano.a(libc_a-findfp.o)
                              D:/setups/stm32/STM32CubeIDE_1.19.0/STM32CubeIDE/plugins/com.st.stm32cube.ide.mcu.externaltools.gnu-tools-for-stm32.13.3.rel1.win32_1.0.100.202509120712/tools/bin/../lib/gcc/arm-none-eabi/13.3.1/../../../../arm-none-eabi/lib/thumb/v7e-m+fp/hard\libc_nano.a(libc_a-exit.o) (__stdio_exit_handler)
D:/setups/stm32/STM32CubeIDE_1.19.0/STM32CubeIDE/plugins/com.st.stm32cube.ide.mcu.externaltools.gnu-tools-for-stm32.13.3.rel1.win32_1.0.100.202509120712/tools/bin/../lib/gcc/arm-none-eabi/13.3.1/../../../../arm-none-eabi/lib/thumb/v7e-m+fp/hard\libc_nano.a(libc_a-fwalk.o)
[...]
Memory Configuration

Name             Origin             Length             Attributes
RAM              0x20000000         0x00020000         xrw
FLASH            0x08000000         0x00080000         xr
*default*        0x00000000         0xffffffff

Linker script and memory map

LOAD D:/setups/stm32/STM32CubeIDE_1.19.0/STM32CubeIDE/plugins/com.st.stm32cube.ide.mcu.externaltools.gnu-tools-for-stm32.13.3.rel1.win32_1.0.100.202509120712/tools/bin/../lib/gcc/arm-none-eabi/13.3.1/thumb/v7e-m+fp/hard/crti.o
LOAD D:/setups/stm32/STM32CubeIDE_1.19.0/STM32CubeIDE/plugins/com.st.stm32cube.ide.mcu.externaltools.gnu-tools-for-stm32.13.3.rel1.win32_1.0.100.202509120712/tools/bin/../lib/gcc/arm-none-eabi/13.3.1/thumb/v7e-m+fp/hard/crtbegin.o
LOAD D:/setups/stm32/STM32CubeIDE_1.19.0/STM32CubeIDE/plugins/com.st.stm32cube.ide.mcu.externaltools.gnu-tools-for-stm32.13.3.rel1.win32_1.0.100.202509120712/tools/bin/../lib/gcc/arm-none-eabi/13.3.1/../../../../arm-none-eabi/lib/thumb/v7e-m+fp/hard/crt0.o
LOAD ./CMSIS/DSP/Source/BasicMathFunctions/BasicMathFunctions.o
LOAD ./CMSIS/DSP/Source/BasicMathFunctions/BasicMathFunctionsF16.o
LOAD ./CMSIS/DSP/Source/BayesFunctions/BayesFunctions.o
LOAD ./CMSIS/DSP/Source/BayesFunctions/BayesFunctionsF16.o
LOAD ./CMSIS/DSP/Source/CommonTables/CommonTables.o
LOAD ./CMSIS/DSP/Source/CommonTables/CommonTablesF16.o
LOAD ./CMSIS/DSP/Source/ComplexMathFunctions/ComplexMathFunctions.o
LOAD ./CMSIS/DSP/Source/ComplexMathFunctions/ComplexMathFunctionsF16.o
LOAD ./CMSIS/DSP/Source/ControllerFunctions/ControllerFunctions.o
LOAD ./CMSIS/DSP/Source/DistanceFunctions/DistanceFunctions.o
LOAD ./CMSIS/DSP/Source/DistanceFunctions/DistanceFunctionsF16.o
LOAD ./CMSIS/DSP/Source/FastMathFunctions/FastMathFunctions.o
LOAD ./CMSIS/DSP/Source/FastMathFunctions/FastMathFunctionsF16.o
LOAD ./CMSIS/DSP/Source/FilteringFunctions/FilteringFunctions.o
LOAD ./CMSIS/DSP/Source/FilteringFunctions/FilteringFunctionsF16.o
LOAD ./CMSIS/DSP/Source/InterpolationFunctions/InterpolationFunctions.o
LOAD ./CMSIS/DSP/Source/InterpolationFunctions/InterpolationFunctionsF16.o
LOAD ./CMSIS/DSP/Source/MatrixFunctions/MatrixFunctions.o
LOAD ./CMSIS/DSP/Source/MatrixFunctions/MatrixFunctionsF16.o
LOAD ./CMSIS/DSP/Source/QuaternionMathFunctions/QuaternionMathFunctions.o
LOAD ./CMSIS/DSP/Source/SVMFunctions/SVMFunctions.o
LOAD ./CMSIS/DSP/Source/SVMFunctions/SVMFunctionsF16.o
LOAD ./CMSIS/DSP/Source/StatisticsFunctions/StatisticsFunctions.o
LOAD ./CMSIS/DSP/Source/StatisticsFunctions/StatisticsFunctionsF16.o
LOAD ./CMSIS/DSP/Source/SupportFunctions/SupportFunctions.o
LOAD ./CMSIS/DSP/Source/SupportFunctions/SupportFunctionsF16.o
LOAD ./CMSIS/DSP/Source/TransformFunctions/TransformFunctions.o
LOAD ./CMSIS/DSP/Source/TransformFunctions/TransformFunctionsF16.o
LOAD ./MiscFns/clkcfg.o
LOAD ./MiscFns/miscfn.o
LOAD ./Src/adc.o
LOAD ./Src/filters.o
LOAD ./Src/main.o
LOAD ./Src/signals.o
LOAD ./Src/statFns.o
LOAD ./Src/syscalls.o
LOAD ./Src/sysmem.o
LOAD ./Src/systick.o
LOAD ./Src/uart.o
LOAD ./Startup/startup_stm32f446retx.o
START GROUP
LOAD D:/setups/stm32/STM32CubeIDE_1.19.0/STM32CubeIDE/plugins/com.st.stm32cube.ide.mcu.externaltools.gnu-tools-for-stm32.13.3.rel1.win32_1.0.100.202509120712/tools/bin/../lib/gcc/arm-none-eabi/13.3.1/../../../../arm-none-eabi/lib/thumb/v7e-m+fp/hard\libc_nano.a
LOAD D:/setups/stm32/STM32CubeIDE_1.19.0/STM32CubeIDE/plugins/com.st.stm32cube.ide.mcu.externaltools.gnu-tools-for-stm32.13.3.rel1.win32_1.0.100.202509120712/tools/bin/../lib/gcc/arm-none-eabi/13.3.1/../../../../arm-none-eabi/lib/thumb/v7e-m+fp/hard\libm.a
END GROUP
START GROUP
LOAD D:/setups/stm32/STM32CubeIDE_1.19.0/STM32CubeIDE/plugins/com.st.stm32cube.ide.mcu.externaltools.gnu-tools-for-stm32.13.3.rel1.win32_1.0.100.202509120712/tools/bin/../lib/gcc/arm-none-eabi/13.3.1/thumb/v7e-m+fp/hard\libgcc.a
LOAD D:/setups/stm32/STM32CubeIDE_1.19.0/STM32CubeIDE/plugins/com.st.stm32cube.ide.mcu.externaltools.gnu-tools-for-stm32.13.3.rel1.win32_1.0.100.202509120712/tools/bin/../lib/gcc/arm-none-eabi/13.3.1/../../../../arm-none-eabi/lib/thumb/v7e-m+fp/hard\libc_nano.a
END GROUP
START GROUP
LOAD D:/setups/stm32/STM32CubeIDE_1.19.0/STM32CubeIDE/plugins/com.st.stm32cube.ide.mcu.externaltools.gnu-tools-for-stm32.13.3.rel1.win32_1.0.100.202509120712/tools/bin/../lib/gcc/arm-none-eabi/13.3.1/thumb/v7e-m+fp/hard\libgcc.a
LOAD D:/setups/stm32/STM32CubeIDE_1.19.0/STM32CubeIDE/plugins/com.st.stm32cube.ide.mcu.externaltools.gnu-tools-for-stm32.13.3.rel1.win32_1.0.100.202509120712/tools/bin/../lib/gcc/arm-none-eabi/13.3.1/../../../../arm-none-eabi/lib/thumb/v7e-m+fp/hard\libc_nano.a
LOAD D:/setups/stm32/STM32CubeIDE_1.19.0/STM32CubeIDE/plugins/com.st.stm32cube.ide.mcu.externaltools.gnu-tools-for-stm32.13.3.rel1.win32_1.0.100.202509120712/tools/bin/../lib/gcc/arm-none-eabi/13.3.1/../../../../arm-none-eabi/lib/thumb/v7e-m+fp/hard\libnosys.a
END GROUP
START GROUP
LOAD D:/setups/stm32/STM32CubeIDE_1.19.0/STM32CubeIDE/plugins/com.st.stm32cube.ide.mcu.externaltools.gnu-tools-for-stm32.13.3.rel1.win32_1.0.100.202509120712/tools/bin/../lib/gcc/arm-none-eabi/13.3.1/thumb/v7e-m+fp/hard\libgcc.a
LOAD D:/setups/stm32/STM32CubeIDE_1.19.0/STM32CubeIDE/plugins/com.st.stm32cube.ide.mcu.externaltools.gnu-tools-for-stm32.13.3.rel1.win32_1.0.100.202509120712/tools/bin/../lib/gcc/arm-none-eabi/13.3.1/../../../../arm-none-eabi/lib/thumb/v7e-m+fp/hard\libc_nano.a
LOAD D:/setups/stm32/STM32CubeIDE_1.19.0/STM32CubeIDE/plugins/com.st.stm32cube.ide.mcu.externaltools.gnu-tools-for-stm32.13.3.rel1.win32_1.0.100.202509120712/tools/bin/../lib/gcc/arm-none-eabi/13.3.1/../../../../arm-none-eabi/lib/thumb/v7e-m+fp/hard\libnosys.a
END GROUP
LOAD D:/setups/stm32/STM32CubeIDE_1.19.0/STM32CubeIDE/plugins/com.st.stm32cube.ide.mcu.externaltools.gnu-tools-for-stm32.13.3.rel1.win32_1.0.100.202509120712/tools/bin/../lib/gcc/arm-none-eabi/13.3.1/thumb/v7e-m+fp/hard/crtend.o
LOAD D:/setups/stm32/STM32CubeIDE_1.19.0/STM32CubeIDE/plugins/com.st.stm32cube.ide.mcu.externaltools.gnu-tools-for-stm32.13.3.rel1.win32_1.0.100.202509120712/tools/bin/../lib/gcc/arm-none-eabi/13.3.1/thumb/v7e-m+fp/hard/crtn.o
                0x20020000                        _estack = (ORIGIN (RAM) + LENGTH (RAM))
                0x00000200                        _Min_Heap_Size = 0x200
                0x00000400                        _Min_Stack_Size = 0x400

.isr_vector     0x08000000      0x1c4
                0x08000000                        . = ALIGN (0x4)
 *(.isr_vector)
 .isr_vector    0x08000000      0x1c4 ./Startup/startup_stm32f446retx.o
                0x08000000                g_pfnVectors
                0x080001c4                        . = ALIGN (0x4)

.text           0x080001d0     0x86a8
                0x080001d0                        . = ALIGN (0x4)
 *(.text)
 .text          0x080001d0       0x40 D:/setups/stm32/STM32CubeIDE_1.19.0/STM32CubeIDE/plugins/com.st.stm32cube.ide.mcu.externaltools.gnu-tools-for-stm32.13.3.rel1.win32_1.0.100.202509120712/tools/bin/../lib/gcc/arm-none-eabi/13.3.1/thumb/v7e-m+fp/hard/crtbegin.o
 .text          0x08000210       0xa0 D:/setups/stm32/STM32CubeIDE_1.19.0/STM32CubeIDE/plugins/com.st.stm32cube.ide.mcu.externaltools.gnu-tools-for-stm32.13.3.rel1.win32_1.0.100.202509120712/tools/bin/../lib/gcc/arm-none-eabi/13.3.1/../../../../arm-none-eabi/lib/thumb/v7e-m+fp/hard\libc_nano.a(libc_a-memchr.o)
                0x08000210                memchr
 .text          0x080002b0       0x10 D:/setups/stm32/STM32CubeIDE_1.19.0/STM32CubeIDE/plugins/com.st.stm32cube.ide.mcu.externaltools.gnu-tools-for-stm32.13.3.rel1.win32_1.0.100.202509120712/tools/bin/../lib/gcc/arm-none-eabi/13.3.1/../../../../arm-none-eabi/lib/thumb/v7e-m+fp/hard\libc_nano.a(libc_a-strlen.o)
                0x080002b0                strlen
 .text          0x080002c0      0x378 D:/setups/stm32/STM32CubeIDE_1.19.0/STM32CubeIDE/plugins/com.st.stm32cube.ide.mcu.externaltools.gnu-tools-for-stm32.13.3.rel1.win32_1.0.100.202509120712/tools/bin/../lib/gcc/arm-none-eabi/13.3.1/thumb/v7e-m+fp/hard\libgcc.a(_arm_addsubdf3.o)
                0x080002c0                __aeabi_drsub
                0x080002c8                __aeabi_dsub
                0x080002c8                __subdf3
                0x080002cc                __aeabi_dadd
                0x080002cc                __adddf3
                0x08000544                __floatunsidf
                0x08000544                __aeabi_ui2d
                0x08000564                __floatsidf
                0x08000564                __aeabi_i2d
                0x08000588                __aeabi_f2d
                0x08000588                __extendsfdf2
                0x080005cc                __floatundidf
                0x080005cc                __aeabi_ul2d
                0x080005dc                __floatdidf
                0x080005dc                __aeabi_l2d
 .text          0x08000638      0x424 D:/setups/stm32/STM32CubeIDE_1.19.0/STM32CubeIDE/plugins/com.st.stm32cube.ide.mcu.externaltools.gnu-tools-for-stm32.13.3.rel1.win32_1.0.100.202509120712/tools/bin/../lib/gcc/arm-none-eabi/13.3.1/thumb/v7e-m+fp/hard\libgcc.a(_arm_muldivdf3.o)
                0x08000638                __aeabi_dmul
                0x08000638                __muldf3
                0x0800088c                __divdf3
                0x0800088c                __aeabi_ddiv
 .text          0x08000a5c      0x110 D:/setups/stm32/STM32CubeIDE_1.19.0/STM32CubeIDE/plugins/com.st.stm32cube.ide.mcu.externaltools.gnu-tools-for-stm32.13.3.rel1.win32_1.0.100.202509120712/tools/bin/../lib/gcc/arm-none-eabi/13.3.1/thumb/v7e-m+fp/hard\libgcc.a(_arm_cmpdf2.o)
                0x08000a5c                __gtdf2
                0x08000a5c                __gedf2
                0x08000a64                __ltdf2
                0x08000a64                __ledf2
                0x08000a6c                __nedf2
                0x08000a6c                __eqdf2
                0x08000a6c                __cmpdf2
                0x08000ae8                __aeabi_cdrcmple
                0x08000af8                __aeabi_cdcmpeq
                0x08000af8                __aeabi_cdcmple
                0x08000b08                __aeabi_dcmpeq
                0x08000b1c                __aeabi_dcmplt
                0x08000b30                __aeabi_dcmple
                0x08000b44                __aeabi_dcmpge
                0x08000b58                __aeabi_dcmpgt
 .text          0x08000b6c       0x2c D:/setups/stm32/STM32CubeIDE_1.19.0/STM32CubeIDE/plugins/com.st.stm32cube.ide.mcu.externaltools.gnu-tools-for-stm32.13.3.rel1.win32_1.0.100.202509120712/tools/bin/../lib/gcc/arm-none-eabi/13.3.1/thumb/v7e-m+fp/hard\libgcc.a(_arm_unorddf2.o)
                0x08000b6c                __unorddf2
                0x08000b6c                __aeabi_dcmpun
 .text          0x08000b98       0x50 D:/setups/stm32/STM32CubeIDE_1.19.0/STM32CubeIDE/plugins/com.st.stm32cube.ide.mcu.externaltools.gnu-tools-for-stm32.13.3.rel1.win32_1.0.100.202509120712/tools/bin/../lib/gcc/arm-none-eabi/13.3.1/thumb/v7e-m+fp/hard\libgcc.a(_arm_fixdfsi.o)
                0x08000b98                __aeabi_d2iz
                0x08000b98                __fixdfsi
 .text          0x08000be8       0x40 D:/setups/stm32/STM32CubeIDE_1.19.0/STM32CubeIDE/plugins/com.st.stm32cube.ide.mcu.externaltools.gnu-tools-for-stm32.13.3.rel1.win32_1.0.100.202509120712/tools/bin/../lib/gcc/arm-none-eabi/13.3.1/thumb/v7e-m+fp/hard\libgcc.a(_arm_fixunsdfsi.o)
                0x08000be8                __aeabi_d2uiz
                0x08000be8                __fixunsdfsi
 .text          0x08000c28       0xa0 D:/setups/stm32/STM32CubeIDE_1.19.0/STM32CubeIDE/plugins/com.st.stm32cube.ide.mcu.externaltools.gnu-tools-for-stm32.13.3.rel1.win32_1.0.100.202509120712/tools/bin/../lib/gcc/arm-none-eabi/13.3.1/thumb/v7e-m+fp/hard\libgcc.a(_arm_truncdfsf2.o)
                0x08000c28                __truncdfsf2
                0x08000c28                __aeabi_d2f
 .text          0x08000cc8       0x30 D:/setups/stm32/STM32CubeIDE_1.19.0/STM32CubeIDE/plugins/com.st.stm32cube.ide.mcu.externaltools.gnu-tools-for-stm32.13.3.rel1.win32_1.0.100.202509120712/tools/bin/../lib/gcc/arm-none-eabi/13.3.1/thumb/v7e-m+fp/hard\libgcc.a(_fixdfdi.o)
                0x08000cc8                __fixdfdi
                0x08000cc8                __aeabi_d2lz
 .text          0x08000cf8       0x3c D:/setups/stm32/STM32CubeIDE_1.19.0/STM32CubeIDE/plugins/com.st.stm32cube.ide.mcu.externaltools.gnu-tools-for-stm32.13.3.rel1.win32_1.0.100.202509120712/tools/bin/../lib/gcc/arm-none-eabi/13.3.1/thumb/v7e-m+fp/hard\libgcc.a(_fixunsdfdi.o)
                0x08000cf8                __fixunsdfdi
                0x08000cf8                __aeabi_d2ulz
 *(.text*)
 .text.arm_cmplx_mag_f32
                0x08000d34       0x88 ./CMSIS/DSP/Source/ComplexMathFunctions/ComplexMathFunctions.o
                0x08000d34                arm_cmplx_mag_f32
 .text.arm_bitreversal_32
                0x08000dbc       0xb2 ./CMSIS/DSP/Source/TransformFunctions/TransformFunctions.o
                0x08000dbc                arm_bitreversal_32
 .text.arm_cfft_radix8by2_f32
                0x08000e6e      0x3e8 ./CMSIS/DSP/Source/TransformFunctions/TransformFunctions.o
                0x08000e6e                arm_cfft_radix8by2_f32
 .text.arm_cfft_radix8by4_f32
                0x08001256      0xc60 ./CMSIS/DSP/Source/TransformFunctions/TransformFunctions.o
                0x08001256                arm_cfft_radix8by4_f32
 .text.arm_cfft_f32
                0x08001eb6      0x174 ./CMSIS/DSP/Source/TransformFunctions/TransformFunctions.o
                0x08001eb6                arm_cfft_f32
 *fill*         0x0800202a        0x2 
 .text.arm_cfft_init_f32
                0x0800202c      0x1a4 ./CMSIS/DSP/Source/TransformFunctions/TransformFunctions.o
                0x0800202c                arm_cfft_init_f32
 .text.arm_radix8_butterfly_f32
                0x080021d0     0x100c ./CMSIS/DSP/Source/TransformFunctions/TransformFunctions.o
                0x080021d0                arm_radix8_butterfly_f32
 .text.stage_rfft_f32
                0x080031dc      0x1ca ./CMSIS/DSP/Source/TransformFunctions/TransformFunctions.o
                0x080031dc                stage_rfft_f32
 .text.merge_rfft_f32
                0x080033a6      0x192 ./CMSIS/DSP/Source/TransformFunctions/TransformFunctions.o
                0x080033a6                merge_rfft_f32
 .text.arm_rfft_fast_f32
                0x08003538       0x4e ./CMSIS/DSP/Source/TransformFunctions/TransformFunctions.o
                0x08003538                arm_rfft_fast_f32
 *fill*         0x08003586        0x2 
 .text.arm_rfft_32_fast_init_f32
                0x08003588       0x4c ./CMSIS/DSP/Source/TransformFunctions/TransformFunctions.o
 .text.arm_rfft_64_fast_init_f32
                0x080035d4       0x4c ./CMSIS/DSP/Source/TransformFunctions/TransformFunctions.o
 .text.arm_rfft_128_fast_init_f32
                0x08003620       0x4c ./CMSIS/DSP/Source/TransformFunctions/TransformFunctions.o
 .text.arm_rfft_256_fast_init_f32
                0x0800366c       0x4c ./CMSIS/DSP/Source/TransformFunctions/TransformFunctions.o
 .text.arm_rfft_512_fast_init_f32
                0x080036b8       0x50 ./CMSIS/DSP/Source/TransformFunctions/TransformFunctions.o
 .text.arm_rfft_1024_fast_init_f32
                0x08003708       0x50 ./CMSIS/DSP/Source/TransformFunctions/TransformFunctions.o
 .text.arm_rfft_2048_fast_init_f32
                0x08003758       0x50 ./CMSIS/DSP/Source/TransformFunctions/TransformFunctions.o
 .text.arm_rfft_4096_fast_init_f32
                0x080037a8       0x50 ./CMSIS/DSP/Source/TransformFunctions/TransformFunctions.o
 .text.arm_rfft_fast_init_f32
                0x080037f8       0xd0 ./CMSIS/DSP/Source/TransformFunctions/TransformFunctions.o
                0x080037f8                arm_rfft_fast_init_f32
 .text.clk100MhzCfg
                0x080038c8       0xdc ./MiscFns/clkcfg.o
                0x080038c8                clk100MhzCfg
 .text.delayFn  0x080039a4       0x2a ./MiscFns/miscfn.o
                0x080039a4                delayFn
 *fill*         0x080039ce        0x2 
 .text.serialPlotReX
                0x080039d0       0x50 ./MiscFns/miscfn.o
                0x080039d0                serialPlotReX
 .text.movingAverage
                0x08003a20       0xfc ./MiscFns/miscfn.o
                0x08003a20                movingAverage
 .text.pa1AdcInit
                0x08003b1c       0x58 ./Src/adc.o
                0x08003b1c                pa1AdcInit
 .text.startAdcConversion
                0x08003b74       0x2c ./Src/adc.o
                0x08003b74                startAdcConversion
 .text.adcRead  0x08003ba0       0x24 ./Src/adc.o
                0x08003ba0                adcRead
 .text.rxFifoInit
                0x08003bc4       0x28 ./Src/adc.o
                0x08003bc4                rxFifoInit
 .text.rxFifoPut
                0x08003bec       0x58 ./Src/adc.o
                0x08003bec                rxFifoPut
 .text.rxFifoGet
                0x08003c44       0x58 ./Src/adc.o
                0x08003c44                rxFifoGet
 .text.firFilterInit
                0x08003c9c       0x42 ./Src/filters.o
                0x08003c9c                firFilterInit
 *fill*         0x08003cde        0x2 
 .text.main     0x08003ce0       0xe8 ./Src/main.o
                0x08003ce0                main
 .text._getpid  0x08003dc8       0x10 ./Src/syscalls.o
                0x08003dc8                _getpid
 .text._kill    0x08003dd8       0x20 ./Src/syscalls.o
                0x08003dd8                _kill
 .text._exit    0x08003df8       0x16 ./Src/syscalls.o
                0x08003df8                _exit
 .text._read    0x08003e0e       0x3a ./Src/syscalls.o
                0x08003e0e                _read
 .text._write   0x08003e48       0x38 ./Src/syscalls.o
                0x08003e48                _write
 .text._close   0x08003e80       0x18 ./Src/syscalls.o
                0x08003e80                _close
 .text._fstat   0x08003e98       0x20 ./Src/syscalls.o
                0x08003e98                _fstat
 .text._isatty  0x08003eb8       0x16 ./Src/syscalls.o
                0x08003eb8                _isatty
 .text._lseek   0x08003ece       0x1a ./Src/syscalls.o
                0x08003ece                _lseek
 .text._sbrk    0x08003ee8       0x6c ./Src/sysmem.o
                0x08003ee8                _sbrk
 .text.systickCounterInit
                0x08003f54       0x40 ./Src/systick.o
                0x08003f54                systickCounterInit
 .text.uart2_Tx_Init
                0x08003f94       0xb8 ./Src/uart.o
                0x08003f94                uart2_Tx_Init
 .text.computeUartBd
                0x0800404c       0x30 ./Src/uart.o
 .text.uart2_write
                0x0800407c       0x30 ./Src/uart.o
                0x0800407c                uart2_write
 .text.__io_putchar
                0x080040ac       0x18 ./Src/uart.o
                0x080040ac                __io_putchar
 .text.Reset_Handler
                0x080040c4       0x50 ./Startup/startup_stm32f446retx.o
                0x080040c4                Reset_Handler
 .text.Default_Handler
                0x08004114        0x2 ./Startup/startup_stm32f446retx.o
                0x08004114                RTC_Alarm_IRQHandler
                0x08004114                EXTI2_IRQHandler
                0x08004114                TIM8_CC_IRQHandler
                0x08004114                SPDIF_Rx_IRQHandler
                0x08004114                DebugMon_Handler
                0x08004114                SPI4_IRQHandler
                0x08004114                TIM1_CC_IRQHandler
                0x08004114                QuadSPI_IRQHandler
                0x08004114                DMA2_Stream5_IRQHandler
                0x08004114                HardFault_Handler
                0x08004114                DMA1_Stream5_IRQHandler
                0x08004114                SysTick_Handler
                0x08004114                PVD_IRQHandler
                0x08004114                SDIO_IRQHandler
                0x08004114                TAMP_STAMP_IRQHandler
                0x08004114                PendSV_Handler
                0x08004114                NMI_Handler
                0x08004114                CAN2_RX1_IRQHandler
                0x08004114                EXTI3_IRQHandler
                0x08004114                TIM8_TRG_COM_TIM14_IRQHandler
                0x08004114                TIM1_UP_TIM10_IRQHandler
                0x08004114                FMPI2C1_error_IRQHandler
                0x08004114                TIM8_UP_TIM13_IRQHandler
                0x08004114                I2C3_ER_IRQHandler
                0x08004114                EXTI0_IRQHandler
                0x08004114                I2C2_EV_IRQHandler
                0x08004114                DMA1_Stream2_IRQHandler
                0x08004114                CAN1_RX0_IRQHandler
                0x08004114                OTG_HS_WKUP_IRQHandler
                0x08004114                UsageFault_Handler
                0x08004114                CAN2_SCE_IRQHandler
                0x08004114                DMA2_Stream2_IRQHandler
                0x08004114                SPI1_IRQHandler
                0x08004114                TIM6_DAC_IRQHandler
                0x08004114                TIM1_BRK_TIM9_IRQHandler
                0x08004114                DCMI_IRQHandler
                0x08004114                CAN2_RX0_IRQHandler
                0x08004114                DMA2_Stream3_IRQHandler
                0x08004114                FMPI2C1_IRQHandler
                0x08004114                SAI2_IRQHandler
                0x08004114                USART6_IRQHandler
                0x08004114                USART3_IRQHandler
                0x08004114                CAN1_RX1_IRQHandler
                0x08004114                UART5_IRQHandler
                0x08004114                DMA2_Stream0_IRQHandler
                0x08004114                TIM4_IRQHandler
                0x08004114                I2C1_EV_IRQHandler
                0x08004114                HDMI_CEC_IRQHandler
                0x08004114                DMA1_Stream6_IRQHandler
                0x08004114                DMA1_Stream1_IRQHandler
                0x08004114                UART4_IRQHandler
                0x08004114                TIM3_IRQHandler
                0x08004114                RCC_IRQHandler
                0x08004114                TIM8_BRK_TIM12_IRQHandler
                0x08004114                Default_Handler
                0x08004114                EXTI15_10_IRQHandler
                0x08004114                ADC_IRQHandler
                0x08004114                DMA1_Stream7_IRQHandler
                0x08004114                TIM7_IRQHandler
                0x08004114                CAN2_TX_IRQHandler
                0x08004114                TIM5_IRQHandler
                0x08004114                DMA2_Stream7_IRQHandler
                0x08004114                I2C3_EV_IRQHandler
                0x08004114                EXTI9_5_IRQHandler
                0x08004114                RTC_WKUP_IRQHandler
                0x08004114                SPI2_IRQHandler
                0x08004114                OTG_HS_EP1_IN_IRQHandler
                0x08004114                MemManage_Handler
                0x08004114                DMA1_Stream0_IRQHandler
                0x08004114                CAN1_TX_IRQHandler
                0x08004114                SVC_Handler
                0x08004114                EXTI4_IRQHandler
                0x08004114                OTG_HS_EP1_OUT_IRQHandler
                0x08004114                WWDG_IRQHandler
                0x08004114                TIM2_IRQHandler
                0x08004114                OTG_FS_WKUP_IRQHandler
                0x08004114                TIM1_TRG_COM_TIM11_IRQHandler
                0x08004114                OTG_HS_IRQHandler
                0x08004114                EXTI1_IRQHandler
                0x08004114                USART2_IRQHandler
                0x08004114                I2C2_ER_IRQHandler
                0x08004114                DMA2_Stream1_IRQHandler
                0x08004114                CAN1_SCE_IRQHandler
                0x08004114                FLASH_IRQHandler
                0x08004114                DMA2_Stream4_IRQHandler
                0x08004114                BusFault_Handler
                0x08004114                USART1_IRQHandler
                0x08004114                OTG_FS_IRQHandler
                0x08004114                SPI3_IRQHandler
                0x08004114                DMA1_Stream4_IRQHandler
                0x08004114                I2C1_ER_IRQHandler
                0x08004114                FMC_IRQHandler
                0x08004114                DMA2_Stream6_IRQHandler
                0x08004114                SAI1_IRQHandler
                0x08004114                DMA1_Stream3_IRQHandler
 *fill*         0x08004116        0x2 
 .text.calloc   0x08004118       0x10 D:/setups/stm32/STM32CubeIDE_1.19.0/STM32CubeIDE/plugins/com.st.stm32cube.ide.mcu.externaltools.gnu-tools-for-stm32.13.3.rel1.win32_1.0.100.202509120712/tools/bin/../lib/gcc/arm-none-eabi/13.3.1/../../../../arm-none-eabi/lib/thumb/v7e-m+fp/hard\libc_nano.a(libc_a-calloc.o)
                0x08004118                calloc
 .text._calloc_r
                0x08004128       0x28 D:/setups/stm32/STM32CubeIDE_1.19.0/STM32CubeIDE/plugins/com.st.stm32cube.ide.mcu.externaltools.gnu-tools-for-stm32.13.3.rel1.win32_1.0.100.202509120712/tools/bin/../lib/gcc/arm-none-eabi/13.3.1/../../../../arm-none-eabi/lib/thumb/v7e-m+fp/hard\libc_nano.a(libc_a-callocr.o)
                0x08004128                _calloc_r
 .text.sbrk_aligned
                0x08004150       0x44 D:/setups/stm32/STM32CubeIDE_1.19.0/STM32CubeIDE/plugins/com.st.stm32cube.ide.mcu.externaltools.gnu-tools-for-stm32.13.3.rel1.win32_1.0.100.202509120712/tools/bin/../lib/gcc/arm-none-eabi/13.3.1/../../../../arm-none-eabi/lib/thumb/v7e-m+fp/hard\libc_nano.a(libc_a-mallocr.o)
 .text._malloc_r
                0x08004194      0x100 D:/setups/stm32/STM32CubeIDE_1.19.0/STM32CubeIDE/plugins/com.st.stm32cube.ide.mcu.externaltools.gnu-tools-for-stm32.13.3.rel1.win32_1.0.100.202509120712/tools/bin/../lib/gcc/arm-none-eabi/13.3.1/../../../../arm-none-eabi/lib/thumb/v7e-m+fp/hard\libc_nano.a(libc_a-mallocr.o)
                0x08004194                _malloc_r
 .text.__malloc_lock
                0x08004294        0xc D:/setups/stm32/STM32CubeIDE_1.19.0/STM32CubeIDE/plugins/com.st.stm32cube.ide.mcu.externaltools.gnu-tools-for-stm32.13.3.rel1.win32_1.0.100.202509120712/tools/bin/../lib/gcc/arm-none-eabi/13.3.1/../../../../arm-none-eabi/lib/thumb/v7e-m+fp/hard\libc_nano.a(libc_a-mlock.o)
                0x08004294                __malloc_lock
 .text.__malloc_unlock
                0x080042a0        0xc D:/setups/stm32/STM32CubeIDE_1.19.0/STM32CubeIDE/plugins/com.st.stm32cube.ide.mcu.externaltools.gnu-tools-for-stm32.13.3.rel1.win32_1.0.100.202509120712/tools/bin/../lib/gcc/arm-none-eabi/13.3.1/../../../../arm-none-eabi/lib/thumb/v7e-m+fp/hard\libc_nano.a(libc_a-mlock.o)
                0x080042a0                __malloc_unlock
 .text.__cvt    0x080042ac       0xca D:/setups/stm32/STM32CubeIDE_1.19.0/STM32CubeIDE/plugins/com.st.stm32cube.ide.mcu.externaltools.gnu-tools-for-stm32.13.3.rel1.win32_1.0.100.202509120712/tools/bin/../lib/gcc/arm-none-eabi/13.3.1/../../../../arm-none-eabi/lib/thumb/v7e-m+fp/hard\libc_nano.a(libc_a-nano-vfprintf_float.o)
                0x080042ac                __cvt
 .text.__exponent
                0x08004376       0x74 D:/setups/stm32/STM32CubeIDE_1.19.0/STM32CubeIDE/plugins/com.st.stm32cube.ide.mcu.externaltools.gnu-tools-for-stm32.13.3.rel1.win32_1.0.100.202509120712/tools/bin/../lib/gcc/arm-none-eabi/13.3.1/../../../../arm-none-eabi/lib/thumb/v7e-m+fp/hard\libc_nano.a(libc_a-nano-vfprintf_float.o)
                0x08004376                __exponent
 *fill*         0x080043ea        0x2 
 .text._printf_float
                0x080043ec      0x454 D:/setups/stm32/STM32CubeIDE_1.19.0/STM32CubeIDE/plugins/com.st.stm32cube.ide.mcu.externaltools.gnu-tools-for-stm32.13.3.rel1.win32_1.0.100.202509120712/tools/bin/../lib/gcc/arm-none-eabi/13.3.1/../../../../arm-none-eabi/lib/thumb/v7e-m+fp/hard\libc_nano.a(libc_a-nano-vfprintf_float.o)
                0x080043ec                _printf_float
 .text._printf_common
                0x08004840       0xda D:/setups/stm32/STM32CubeIDE_1.19.0/STM32CubeIDE/plugins/com.st.stm32cube.ide.mcu.externaltools.gnu-tools-for-stm32.13.3.rel1.win32_1.0.100.202509120712/tools/bin/../lib/gcc/arm-none-eabi/13.3.1/../../../../arm-none-eabi/lib/thumb/v7e-m+fp/hard\libc_nano.a(libc_a-nano-vfprintf_i.o)
                0x08004840                _printf_common
 *fill*         0x0800491a        0x2 
 .text._printf_i
                0x0800491c      0x23c D:/setups/stm32/STM32CubeIDE_1.19.0/STM32CubeIDE/plugins/com.st.stm32cube.ide.mcu.externaltools.gnu-tools-for-stm32.13.3.rel1.win32_1.0.100.202509120712/tools/bin/../lib/gcc/arm-none-eabi/13.3.1/../../../../arm-none-eabi/lib/thumb/v7e-m+fp/hard\libc_nano.a(libc_a-nano-vfprintf_i.o)
                0x0800491c                _printf_i
 .text._scanf_float
                0x08004b58      0x41c D:/setups/stm32/STM32CubeIDE_1.19.0/STM32CubeIDE/plugins/com.st.stm32cube.ide.mcu.externaltools.gnu-tools-for-stm32.13.3.rel1.win32_1.0.100.202509120712/tools/bin/../lib/gcc/arm-none-eabi/13.3.1/../../../../arm-none-eabi/lib/thumb/v7e-m+fp/hard\libc_nano.a(libc_a-nano-vfscanf_float.o)
                0x08004b58                _scanf_float
 .text.std      0x08004f74       0x6c D:/setups/stm32/STM32CubeIDE_1.19.0/STM32CubeIDE/plugins/com.st.stm32cube.ide.mcu.externaltools.gnu-tools-for-stm32.13.3.rel1.win32_1.0.100.202509120712/tools/bin/../lib/gcc/arm-none-eabi/13.3.1/../../../../arm-none-eabi/lib/thumb/v7e-m+fp/hard\libc_nano.a(libc_a-findfp.o)
 .text.stdio_exit_handler
                0x08004fe0       0x18 D:/setups/stm32/STM32CubeIDE_1.19.0/STM32CubeIDE/plugins/com.st.stm32cube.ide.mcu.externaltools.gnu-tools-for-stm32.13.3.rel1.win32_1.0.100.202509120712/tools/bin/../lib/gcc/arm-none-eabi/13.3.1/../../../../arm-none-eabi/lib/thumb/v7e-m+fp/hard\libc_nano.a(libc_a-findfp.o)
 .text.cleanup_stdio
                0x08004ff8       0x40 D:/setups/stm32/STM32CubeIDE_1.19.0/STM32CubeIDE/plugins/com.st.stm32cube.ide.mcu.externaltools.gnu-tools-for-stm32.13.3.rel1.win32_1.0.100.202509120712/tools/bin/../lib/gcc/arm-none-eabi/13.3.1/../../../../arm-none-eabi/lib/thumb/v7e-m+fp/hard\libc_nano.a(libc_a-findfp.o)
 .text.global_stdio_init.part.0
                0x08005038       0x3c D:/setups/stm32/STM32CubeIDE_1.19.0/STM32CubeIDE/plugins/com.st.stm32cube.ide.mcu.externaltools.gnu-tools-for-stm32.13.3.rel1.win32_1.0.100.202509120712/tools/bin/../lib/gcc/arm-none-eabi/13.3.1/../../../../arm-none-eabi/lib/thumb/v7e-m+fp/hard\libc_nano.a(libc_a-findfp.o)
 .text.__sfp_lock_acquire
                0x08005074        0xc D:/setups/stm32/STM32CubeIDE_1.19.0/STM32CubeIDE/plugins/com.st.stm32cube.ide.mcu.externaltools.gnu-tools-for-stm32.13.3.rel1.win32_1.0.100.202509120712/tools/bin/../lib/gcc/arm-none-eabi/13.3.1/../../../../arm-none-eabi/lib/thumb/v7e-m+fp/hard\libc_nano.a(libc_a-findfp.o)
                0x08005074                __sfp_lock_acquire
 .text.__sfp_lock_release
                0x08005080        0xc D:/setups/stm32/STM32CubeIDE_1.19.0/STM32CubeIDE/plugins/com.st.stm32cube.ide.mcu.externaltools.gnu-tools-for-stm32.13.3.rel1.win32_1.0.100.202509120712/tools/bin/../lib/gcc/arm-none-eabi/13.3.1/../../../../arm-none-eabi/lib/thumb/v7e-m+fp/hard\libc_nano.a(libc_a-findfp.o)
                0x08005080                __sfp_lock_release
 .text.__sinit  0x0800508c       0x30 D:/setups/stm32/STM32CubeIDE_1.19.0/STM32CubeIDE/plugins/com.st.stm32cube.ide.mcu.externaltools.gnu-tools-for-stm32.13.3.rel1.win32_1.0.100.202509120712/tools/bin/../lib/gcc/arm-none-eabi/13.3.1/../../../../arm-none-eabi/lib/thumb/v7e-m+fp/hard\libc_nano.a(libc_a-findfp.o)
                0x0800508c                __sinit
 .text._fwalk_sglue
                0x080050bc       0x3c D:/setups/stm32/STM32CubeIDE_1.19.0/STM32CubeIDE/plugins/com.st.stm32cube.ide.mcu.externaltools.gnu-tools-for-stm32.13.3.rel1.win32_1.0.100.202509120712/tools/bin/../lib/gcc/arm-none-eabi/13.3.1/../../../../arm-none-eabi/lib/thumb/v7e-m+fp/hard\libc_nano.a(libc_a-fwalk.o)
                0x080050bc                _fwalk_sglue
 .text.printf   0x080050f8       0x24 D:/setups/stm32/STM32CubeIDE_1.19.0/STM32CubeIDE/plugins/com.st.stm32cube.ide.mcu.externaltools.gnu-tools-for-stm32.13.3.rel1.win32_1.0.100.202509120712/tools/bin/../lib/gcc/arm-none-eabi/13.3.1/../../../../arm-none-eabi/lib/thumb/v7e-m+fp/hard\libc_nano.a(libc_a-printf.o)
                0x080050f8                iprintf
                0x080050f8                printf
 .text.sprintf  0x0800511c       0x44 D:/setups/stm32/STM32CubeIDE_1.19.0/STM32CubeIDE/plugins/com.st.stm32cube.ide.mcu.externaltools.gnu-tools-for-stm32.13.3.rel1.win32_1.0.100.202509120712/tools/bin/../lib/gcc/arm-none-eabi/13.3.1/../../../../arm-none-eabi/lib/thumb/v7e-m+fp/hard\libc_nano.a(libc_a-sprintf.o)
                0x0800511c                siprintf
                0x0800511c                sprintf
 .text.__sread  0x08005160       0x22 D:/setups/stm32/STM32CubeIDE_1.19.0/STM32CubeIDE/plugins/com.st.stm32cube.ide.mcu.externaltools.gnu-tools-for-stm32.13.3.rel1.win32_1.0.100.202509120712/tools/bin/../lib/gcc/arm-none-eabi/13.3.1/../../../../arm-none-eabi/lib/thumb/v7e-m+fp/hard\libc_nano.a(libc_a-stdio.o)
                0x08005160                __sread
 .text.__swrite
                0x08005182       0x38 D:/setups/stm32/STM32CubeIDE_1.19.0/STM32CubeIDE/plugins/com.st.stm32cube.ide.mcu.externaltools.gnu-tools-for-stm32.13.3.rel1.win32_1.0.100.202509120712/tools/bin/../lib/gcc/arm-none-eabi/13.3.1/../../../../arm-none-eabi/lib/thumb/v7e-m+fp/hard\libc_nano.a(libc_a-stdio.o)
                0x08005182                __swrite
 .text.__sseek  0x080051ba       0x24 D:/setups/stm32/STM32CubeIDE_1.19.0/STM32CubeIDE/plugins/com.st.stm32cube.ide.mcu.externaltools.gnu-tools-for-stm32.13.3.rel1.win32_1.0.100.202509120712/tools/bin/../lib/gcc/arm-none-eabi/13.3.1/../../../../arm-none-eabi/lib/thumb/v7e-m+fp/hard\libc_nano.a(libc_a-stdio.o)
                0x080051ba                __sseek
 .text.__sclose
                0x080051de        0x8 D:/setups/stm32/STM32CubeIDE_1.19.0/STM32CubeIDE/plugins/com.st.stm32cube.ide.mcu.externaltools.gnu-tools-for-stm32.13.3.rel1.win32_1.0.100.202509120712/tools/bin/../lib/gcc/arm-none-eabi/13.3.1/../../../../arm-none-eabi/lib/thumb/v7e-m+fp/hard\libc_nano.a(libc_a-stdio.o)
                0x080051de                __sclose
 .text.memset   0x080051e6       0x10 D:/setups/stm32/STM32CubeIDE_1.19.0/STM32CubeIDE/plugins/com.st.stm32cube.ide.mcu.externaltools.gnu-tools-for-stm32.13.3.rel1.win32_1.0.100.202509120712/tools/bin/../lib/gcc/arm-none-eabi/13.3.1/../../../../arm-none-eabi/lib/thumb/v7e-m+fp/hard\libc_nano.a(libc_a-memset.o)
                0x080051e6                memset
 *fill*         0x080051f6        0x2 
 .text._localeconv_r
                0x080051f8        0x8 D:/setups/stm32/STM32CubeIDE_1.19.0/STM32CubeIDE/plugins/com.st.stm32cube.ide.mcu.externaltools.gnu-tools-for-stm32.13.3.rel1.win32_1.0.100.202509120712/tools/bin/../lib/gcc/arm-none-eabi/13.3.1/../../../../arm-none-eabi/lib/thumb/v7e-m+fp/hard\libc_nano.a(libc_a-localeconv.o)
                0x080051f8                _localeconv_r
 .text._close_r
                0x08005200       0x20 D:/setups/stm32/STM32CubeIDE_1.19.0/STM32CubeIDE/plugins/com.st.stm32cube.ide.mcu.externaltools.gnu-tools-for-stm32.13.3.rel1.win32_1.0.100.202509120712/tools/bin/../lib/gcc/arm-none-eabi/13.3.1/../../../../arm-none-eabi/lib/thumb/v7e-m+fp/hard\libc_nano.a(libc_a-closer.o)
                0x08005200                _close_r
 .text._lseek_r
                0x08005220       0x24 D:/setups/stm32/STM32CubeIDE_1.19.0/STM32CubeIDE/plugins/com.st.stm32cube.ide.mcu.externaltools.gnu-tools-for-stm32.13.3.rel1.win32_1.0.100.202509120712/tools/bin/../lib/gcc/arm-none-eabi/13.3.1/../../../../arm-none-eabi/lib/thumb/v7e-m+fp/hard\libc_nano.a(libc_a-lseekr.o)
                0x08005220                _lseek_r
 .text._read_r  0x08005244       0x24 D:/setups/stm32/STM32CubeIDE_1.19.0/STM32CubeIDE/plugins/com.st.stm32cube.ide.mcu.externaltools.gnu-tools-for-stm32.13.3.rel1.win32_1.0.100.202509120712/tools/bin/../lib/gcc/arm-none-eabi/13.3.1/../../../../arm-none-eabi/lib/thumb/v7e-m+fp/hard\libc_nano.a(libc_a-readr.o)
                0x08005244                _read_r
 .text._sbrk_r  0x08005268       0x20 D:/setups/stm32/STM32CubeIDE_1.19.0/STM32CubeIDE/plugins/com.st.stm32cube.ide.mcu.externaltools.gnu-tools-for-stm32.13.3.rel1.win32_1.0.100.202509120712/tools/bin/../lib/gcc/arm-none-eabi/13.3.1/../../../../arm-none-eabi/lib/thumb/v7e-m+fp/hard\libc_nano.a(libc_a-sbrkr.o)
                0x08005268                _sbrk_r
 .text._write_r
                0x08005288       0x24 D:/setups/stm32/STM32CubeIDE_1.19.0/STM32CubeIDE/plugins/com.st.stm32cube.ide.mcu.externaltools.gnu-tools-for-stm32.13.3.rel1.win32_1.0.100.202509120712/tools/bin/../lib/gcc/arm-none-eabi/13.3.1/../../../../arm-none-eabi/lib/thumb/v7e-m+fp/hard\libc_nano.a(libc_a-writer.o)
                0x08005288                _write_r
 .text.__errno  0x080052ac        0xc D:/setups/stm32/STM32CubeIDE_1.19.0/STM32CubeIDE/plugins/com.st.stm32cube.ide.mcu.externaltools.gnu-tools-for-stm32.13.3.rel1.win32_1.0.100.202509120712/tools/bin/../lib/gcc/arm-none-eabi/13.3.1/../../../../arm-none-eabi/lib/thumb/v7e-m+fp/hard\libc_nano.a(libc_a-errno.o)
                0x080052ac                __errno
 .text.__libc_init_array
                0x080052b8       0x48 D:/setups/stm32/STM32CubeIDE_1.19.0/STM32CubeIDE/plugins/com.st.stm32cube.ide.mcu.externaltools.gnu-tools-for-stm32.13.3.rel1.win32_1.0.100.202509120712/tools/bin/../lib/gcc/arm-none-eabi/13.3.1/../../../../arm-none-eabi/lib/thumb/v7e-m+fp/hard\libc_nano.a(libc_a-init.o)
                0x080052b8                __libc_init_array
 .text.__retarget_lock_init_recursive
                0x08005300        0x2 D:/setups/stm32/STM32CubeIDE_1.19.0/STM32CubeIDE/plugins/com.st.stm32cube.ide.mcu.externaltools.gnu-tools-for-stm32.13.3.rel1.win32_1.0.100.202509120712/tools/bin/../lib/gcc/arm-none-eabi/13.3.1/../../../../arm-none-eabi/lib/thumb/v7e-m+fp/hard\libc_nano.a(libc_a-lock.o)
                0x08005300                __retarget_lock_init_recursive
 .text.__retarget_lock_acquire_recursive
                0x08005302        0x2 D:/setups/stm32/STM32CubeIDE_1.19.0/STM32CubeIDE/plugins/com.st.stm32cube.ide.mcu.externaltools.gnu-tools-for-stm32.13.3.rel1.win32_1.0.100.202509120712/tools/bin/../lib/gcc/arm-none-eabi/13.3.1/../../../../arm-none-eabi/lib/thumb/v7e-m+fp/hard\libc_nano.a(libc_a-lock.o)
                0x08005302                __retarget_lock_acquire_recursive
 .text.__retarget_lock_release_recursive
                0x08005304        0x2 D:/setups/stm32/STM32CubeIDE_1.19.0/STM32CubeIDE/plugins/com.st.stm32cube.ide.mcu.externaltools.gnu-tools-for-stm32.13.3.rel1.win32_1.0.100.202509120712/tools/bin/../lib/gcc/arm-none-eabi/13.3.1/../../../../arm-none-eabi/lib/thumb/v7e-m+fp/hard\libc_nano.a(libc_a-lock.o)
                0x08005304                __retarget_lock_release_recursive
 .text.memcpy   0x08005306       0x1c D:/setups/stm32/STM32CubeIDE_1.19.0/STM32CubeIDE/plugins/com.st.stm32cube.ide.mcu.externaltools.gnu-tools-for-stm32.13.3.rel1.win32_1.0.100.202509120712/tools/bin/../lib/gcc/arm-none-eabi/13.3.1/../../../../arm-none-eabi/lib/thumb/v7e-m+fp/hard\libc_nano.a(libc_a-memcpy-stub.o)
                0x08005306                memcpy
 *fill*         0x08005322        0x2 
 .text.nanf     0x08005324        0xc D:/setups/stm32/STM32CubeIDE_1.19.0/STM32CubeIDE/plugins/com.st.stm32cube.ide.mcu.externaltools.gnu-tools-for-stm32.13.3.rel1.win32_1.0.100.202509120712/tools/bin/../lib/gcc/arm-none-eabi/13.3.1/../../../../arm-none-eabi/lib/thumb/v7e-m+fp/hard\libc_nano.a(libm_a-sf_nan.o)
                0x08005324                nanf
 .text.quorem   0x08005330      0x110 D:/setups/stm32/STM32CubeIDE_1.19.0/STM32CubeIDE/plugins/com.st.stm32cube.ide.mcu.externaltools.gnu-tools-for-stm32.13.3.rel1.win32_1.0.100.202509120712/tools/bin/../lib/gcc/arm-none-eabi/13.3.1/../../../../arm-none-eabi/lib/thumb/v7e-m+fp/hard\libc_nano.a(libc_a-dtoa.o)
 .text._dtoa_r  0x08005440      0xba0 D:/setups/stm32/STM32CubeIDE_1.19.0/STM32CubeIDE/plugins/com.st.stm32cube.ide.mcu.externaltools.gnu-tools-for-stm32.13.3.rel1.win32_1.0.100.202509120712/tools/bin/../lib/gcc/arm-none-eabi/13.3.1/../../../../arm-none-eabi/lib/thumb/v7e-m+fp/hard\libc_nano.a(libc_a-dtoa.o)
                0x08005440                _dtoa_r
 .text._free_r  0x08005fe0       0x94 D:/setups/stm32/STM32CubeIDE_1.19.0/STM32CubeIDE/plugins/com.st.stm32cube.ide.mcu.externaltools.gnu-tools-for-stm32.13.3.rel1.win32_1.0.100.202509120712/tools/bin/../lib/gcc/arm-none-eabi/13.3.1/../../../../arm-none-eabi/lib/thumb/v7e-m+fp/hard\libc_nano.a(libc_a-freer.o)
                0x08005fe0                _free_r
 .text.malloc   0x08006074       0x10 D:/setups/stm32/STM32CubeIDE_1.19.0/STM32CubeIDE/plugins/com.st.stm32cube.ide.mcu.externaltools.gnu-tools-for-stm32.13.3.rel1.win32_1.0.100.202509120712/tools/bin/../lib/gcc/arm-none-eabi/13.3.1/../../../../arm-none-eabi/lib/thumb/v7e-m+fp/hard\libc_nano.a(libc_a-malloc.o)
                0x08006074                malloc
 .text._Balloc  0x08006084       0x80 D:/setups/stm32/STM32CubeIDE_1.19.0/STM32CubeIDE/plugins/com.st.stm32cube.ide.mcu.externaltools.gnu-tools-for-stm32.13.3.rel1.win32_1.0.100.202509120712/tools/bin/../lib/gcc/arm-none-eabi/13.3.1/../../../../arm-none-eabi/lib/thumb/v7e-m+fp/hard\libc_nano.a(libc_a-mprec.o)
                0x08006084                _Balloc
 .text._Bfree   0x08006104       0x44 D:/setups/stm32/STM32CubeIDE_1.19.0/STM32CubeIDE/plugins/com.st.stm32cube.ide.mcu.externaltools.gnu-tools-for-stm32.13.3.rel1.win32_1.0.100.202509120712/tools/bin/../lib/gcc/arm-none-eabi/13.3.1/../../../../arm-none-eabi/lib/thumb/v7e-m+fp/hard\libc_nano.a(libc_a-mprec.o)
                0x08006104                _Bfree
 .text.__multadd
                0x08006148       0x8c D:/setups/stm32/STM32CubeIDE_1.19.0/STM32CubeIDE/plugins/com.st.stm32cube.ide.mcu.externaltools.gnu-tools-for-stm32.13.3.rel1.win32_1.0.100.202509120712/tools/bin/../lib/gcc/arm-none-eabi/13.3.1/../../../../arm-none-eabi/lib/thumb/v7e-m+fp/hard\libc_nano.a(libc_a-mprec.o)
                0x08006148                __multadd
 .text.__s2b    0x080061d4       0x94 D:/setups/stm32/STM32CubeIDE_1.19.0/STM32CubeIDE/plugins/com.st.stm32cube.ide.mcu.externaltools.gnu-tools-for-stm32.13.3.rel1.win32_1.0.100.202509120712/tools/bin/../lib/gcc/arm-none-eabi/13.3.1/../../../../arm-none-eabi/lib/thumb/v7e-m+fp/hard\libc_nano.a(libc_a-mprec.o)
                0x080061d4                __s2b
 .text.__hi0bits
                0x08006268       0x3e D:/setups/stm32/STM32CubeIDE_1.19.0/STM32CubeIDE/plugins/com.st.stm32cube.ide.mcu.externaltools.gnu-tools-for-stm32.13.3.rel1.win32_1.0.100.202509120712/tools/bin/../lib/gcc/arm-none-eabi/13.3.1/../../../../arm-none-eabi/lib/thumb/v7e-m+fp/hard\libc_nano.a(libc_a-mprec.o)
                0x08006268                __hi0bits
 .text.__lo0bits
                0x080062a6       0x5a D:/setups/stm32/STM32CubeIDE_1.19.0/STM32CubeIDE/plugins/com.st.stm32cube.ide.mcu.externaltools.gnu-tools-for-stm32.13.3.rel1.win32_1.0.100.202509120712/tools/bin/../lib/gcc/arm-none-eabi/13.3.1/../../../../arm-none-eabi/lib/thumb/v7e-m+fp/hard\libc_nano.a(libc_a-mprec.o)
                0x080062a6                __lo0bits
 .text.__i2b    0x08006300       0x2c D:/setups/stm32/STM32CubeIDE_1.19.0/STM32CubeIDE/plugins/com.st.stm32cube.ide.mcu.externaltools.gnu-tools-for-stm32.13.3.rel1.win32_1.0.100.202509120712/tools/bin/../lib/gcc/arm-none-eabi/13.3.1/../../../../arm-none-eabi/lib/thumb/v7e-m+fp/hard\libc_nano.a(libc_a-mprec.o)
                0x08006300                __i2b
 .text.__multiply
                0x0800632c      0x144 D:/setups/stm32/STM32CubeIDE_1.19.0/STM32CubeIDE/plugins/com.st.stm32cube.ide.mcu.externaltools.gnu-tools-for-stm32.13.3.rel1.win32_1.0.100.202509120712/tools/bin/../lib/gcc/arm-none-eabi/13.3.1/../../../../arm-none-eabi/lib/thumb/v7e-m+fp/hard\libc_nano.a(libc_a-mprec.o)
                0x0800632c                __multiply
 .text.__pow5mult
                0x08006470       0xb4 D:/setups/stm32/STM32CubeIDE_1.19.0/STM32CubeIDE/plugins/com.st.stm32cube.ide.mcu.externaltools.gnu-tools-for-stm32.13.3.rel1.win32_1.0.100.202509120712/tools/bin/../lib/gcc/arm-none-eabi/13.3.1/../../../../arm-none-eabi/lib/thumb/v7e-m+fp/hard\libc_nano.a(libc_a-mprec.o)
                0x08006470                __pow5mult
 .text.__lshift
                0x08006524       0xd8 D:/setups/stm32/STM32CubeIDE_1.19.0/STM32CubeIDE/plugins/com.st.stm32cube.ide.mcu.externaltools.gnu-tools-for-stm32.13.3.rel1.win32_1.0.100.202509120712/tools/bin/../lib/gcc/arm-none-eabi/13.3.1/../../../../arm-none-eabi/lib/thumb/v7e-m+fp/hard\libc_nano.a(libc_a-mprec.o)
                0x08006524                __lshift
 .text.__mcmp   0x080065fc       0x36 D:/setups/stm32/STM32CubeIDE_1.19.0/STM32CubeIDE/plugins/com.st.stm32cube.ide.mcu.externaltools.gnu-tools-for-stm32.13.3.rel1.win32_1.0.100.202509120712/tools/bin/../lib/gcc/arm-none-eabi/13.3.1/../../../../arm-none-eabi/lib/thumb/v7e-m+fp/hard\libc_nano.a(libc_a-mprec.o)
                0x080065fc                __mcmp
 *fill*         0x08006632        0x2 
 .text.__mdiff  0x08006634      0x128 D:/setups/stm32/STM32CubeIDE_1.19.0/STM32CubeIDE/plugins/com.st.stm32cube.ide.mcu.externaltools.gnu-tools-for-stm32.13.3.rel1.win32_1.0.100.202509120712/tools/bin/../lib/gcc/arm-none-eabi/13.3.1/../../../../arm-none-eabi/lib/thumb/v7e-m+fp/hard\libc_nano.a(libc_a-mprec.o)
                0x08006634                __mdiff
 .text.__ulp    0x0800675c       0x4c D:/setups/stm32/STM32CubeIDE_1.19.0/STM32CubeIDE/plugins/com.st.stm32cube.ide.mcu.externaltools.gnu-tools-for-stm32.13.3.rel1.win32_1.0.100.202509120712/tools/bin/../lib/gcc/arm-none-eabi/13.3.1/../../../../arm-none-eabi/lib/thumb/v7e-m+fp/hard\libc_nano.a(libc_a-mprec.o)
                0x0800675c                __ulp
 .text.__b2d    0x080067a8       0x94 D:/setups/stm32/STM32CubeIDE_1.19.0/STM32CubeIDE/plugins/com.st.stm32cube.ide.mcu.externaltools.gnu-tools-for-stm32.13.3.rel1.win32_1.0.100.202509120712/tools/bin/../lib/gcc/arm-none-eabi/13.3.1/../../../../arm-none-eabi/lib/thumb/v7e-m+fp/hard\libc_nano.a(libc_a-mprec.o)
                0x080067a8                __b2d
 .text.__d2b    0x0800683c       0xb0 D:/setups/stm32/STM32CubeIDE_1.19.0/STM32CubeIDE/plugins/com.st.stm32cube.ide.mcu.externaltools.gnu-tools-for-stm32.13.3.rel1.win32_1.0.100.202509120712/tools/bin/../lib/gcc/arm-none-eabi/13.3.1/../../../../arm-none-eabi/lib/thumb/v7e-m+fp/hard\libc_nano.a(libc_a-mprec.o)
                0x0800683c                __d2b
 .text.__ratio  0x080068ec       0x64 D:/setups/stm32/STM32CubeIDE_1.19.0/STM32CubeIDE/plugins/com.st.stm32cube.ide.mcu.externaltools.gnu-tools-for-stm32.13.3.rel1.win32_1.0.100.202509120712/tools/bin/../lib/gcc/arm-none-eabi/13.3.1/../../../../arm-none-eabi/lib/thumb/v7e-m+fp/hard\libc_nano.a(libc_a-mprec.o)
                0x080068ec                __ratio
 .text.__copybits
                0x08006950       0x46 D:/setups/stm32/STM32CubeIDE_1.19.0/STM32CubeIDE/plugins/com.st.stm32cube.ide.mcu.externaltools.gnu-tools-for-stm32.13.3.rel1.win32_1.0.100.202509120712/tools/bin/../lib/gcc/arm-none-eabi/13.3.1/../../../../arm-none-eabi/lib/thumb/v7e-m+fp/hard\libc_nano.a(libc_a-mprec.o)
                0x08006950                __copybits
 .text.__any_on
                0x08006996       0x42 D:/setups/stm32/STM32CubeIDE_1.19.0/STM32CubeIDE/plugins/com.st.stm32cube.ide.mcu.externaltools.gnu-tools-for-stm32.13.3.rel1.win32_1.0.100.202509120712/tools/bin/../lib/gcc/arm-none-eabi/13.3.1/../../../../arm-none-eabi/lib/thumb/v7e-m+fp/hard\libc_nano.a(libc_a-mprec.o)
                0x08006996                __any_on
 .text.sulp     0x080069d8       0x3c D:/setups/stm32/STM32CubeIDE_1.19.0/STM32CubeIDE/plugins/com.st.stm32cube.ide.mcu.externaltools.gnu-tools-for-stm32.13.3.rel1.win32_1.0.100.202509120712/tools/bin/../lib/gcc/arm-none-eabi/13.3.1/../../../../arm-none-eabi/lib/thumb/v7e-m+fp/hard\libc_nano.a(libc_a-strtod.o)
 *fill*         0x08006a14        0x4 
 .text._strtod_l
                0x08006a18      0xbc8 D:/setups/stm32/STM32CubeIDE_1.19.0/STM32CubeIDE/plugins/com.st.stm32cube.ide.mcu.externaltools.gnu-tools-for-stm32.13.3.rel1.win32_1.0.100.202509120712/tools/bin/../lib/gcc/arm-none-eabi/13.3.1/../../../../arm-none-eabi/lib/thumb/v7e-m+fp/hard\libc_nano.a(libc_a-strtod.o)
                0x08006a18                _strtod_l
 .text._strtod_r
                0x080075e0        0xc D:/setups/stm32/STM32CubeIDE_1.19.0/STM32CubeIDE/plugins/com.st.stm32cube.ide.mcu.externaltools.gnu-tools-for-stm32.13.3.rel1.win32_1.0.100.202509120712/tools/bin/../lib/gcc/arm-none-eabi/13.3.1/../../../../arm-none-eabi/lib/thumb/v7e-m+fp/hard\libc_nano.a(libc_a-strtod.o)
                0x080075e0                _strtod_r
 .text._strtol_l.isra.0
                0x080075ec       0xf4 D:/setups/stm32/STM32CubeIDE_1.19.0/STM32CubeIDE/plugins/com.st.stm32cube.ide.mcu.externaltools.gnu-tools-for-stm32.13.3.rel1.win32_1.0.100.202509120712/tools/bin/../lib/gcc/arm-none-eabi/13.3.1/../../../../arm-none-eabi/lib/thumb/v7e-m+fp/hard\libc_nano.a(libc_a-strtol.o)
 .text._strtol_r
                0x080076e0        0x4 D:/setups/stm32/STM32CubeIDE_1.19.0/STM32CubeIDE/plugins/com.st.stm32cube.ide.mcu.externaltools.gnu-tools-for-stm32.13.3.rel1.win32_1.0.100.202509120712/tools/bin/../lib/gcc/arm-none-eabi/13.3.1/../../../../arm-none-eabi/lib/thumb/v7e-m+fp/hard\libc_nano.a(libc_a-strtol.o)
                0x080076e0                _strtol_r
 .text.__ssputs_r
                0x080076e4       0xb6 D:/setups/stm32/STM32CubeIDE_1.19.0/STM32CubeIDE/plugins/com.st.stm32cube.ide.mcu.externaltools.gnu-tools-for-stm32.13.3.rel1.win32_1.0.100.202509120712/tools/bin/../lib/gcc/arm-none-eabi/13.3.1/../../../../arm-none-eabi/lib/thumb/v7e-m+fp/hard\libc_nano.a(libc_a-nano-svfprintf.o)
                0x080076e4                __ssputs_r
 *fill*         0x0800779a        0x2 
 .text._svfprintf_r
                0x0800779c      0x1f8 D:/setups/stm32/STM32CubeIDE_1.19.0/STM32CubeIDE/plugins/com.st.stm32cube.ide.mcu.externaltools.gnu-tools-for-stm32.13.3.rel1.win32_1.0.100.202509120712/tools/bin/../lib/gcc/arm-none-eabi/13.3.1/../../../../arm-none-eabi/lib/thumb/v7e-m+fp/hard\libc_nano.a(libc_a-nano-svfprintf.o)
                0x0800779c                _svfiprintf_r
                0x0800779c                _svfprintf_r
 .text.__sfputc_r
                0x08007994       0x2e D:/setups/stm32/STM32CubeIDE_1.19.0/STM32CubeIDE/plugins/com.st.stm32cube.ide.mcu.externaltools.gnu-tools-for-stm32.13.3.rel1.win32_1.0.100.202509120712/tools/bin/../lib/gcc/arm-none-eabi/13.3.1/../../../../arm-none-eabi/lib/thumb/v7e-m+fp/hard\libc_nano.a(libc_a-nano-vfprintf.o)
 .text.__sfputs_r
                0x080079c2       0x24 D:/setups/stm32/STM32CubeIDE_1.19.0/STM32CubeIDE/plugins/com.st.stm32cube.ide.mcu.externaltools.gnu-tools-for-stm32.13.3.rel1.win32_1.0.100.202509120712/tools/bin/../lib/gcc/arm-none-eabi/13.3.1/../../../../arm-none-eabi/lib/thumb/v7e-m+fp/hard\libc_nano.a(libc_a-nano-vfprintf.o)
                0x080079c2                __sfputs_r
 *fill*         0x080079e6        0x2 
 .text._vfprintf_r
                0x080079e8      0x230 D:/setups/stm32/STM32CubeIDE_1.19.0/STM32CubeIDE/plugins/com.st.stm32cube.ide.mcu.externaltools.gnu-tools-for-stm32.13.3.rel1.win32_1.0.100.202509120712/tools/bin/../lib/gcc/arm-none-eabi/13.3.1/../../../../arm-none-eabi/lib/thumb/v7e-m+fp/hard\libc_nano.a(libc_a-nano-vfprintf.o)
                0x080079e8                _vfprintf_r
                0x080079e8                _vfiprintf_r
 .text.__sflush_r
                0x08007c18      0x108 D:/setups/stm32/STM32CubeIDE_1.19.0/STM32CubeIDE/plugins/com.st.stm32cube.ide.mcu.externaltools.gnu-tools-for-stm32.13.3.rel1.win32_1.0.100.202509120712/tools/bin/../lib/gcc/arm-none-eabi/13.3.1/../../../../arm-none-eabi/lib/thumb/v7e-m+fp/hard\libc_nano.a(libc_a-fflush.o)
                0x08007c18                __sflush_r
 .text._fflush_r
                0x08007d20       0x50 D:/setups/stm32/STM32CubeIDE_1.19.0/STM32CubeIDE/plugins/com.st.stm32cube.ide.mcu.externaltools.gnu-tools-for-stm32.13.3.rel1.win32_1.0.100.202509120712/tools/bin/../lib/gcc/arm-none-eabi/13.3.1/../../../../arm-none-eabi/lib/thumb/v7e-m+fp/hard\libc_nano.a(libc_a-fflush.o)
                0x08007d20                _fflush_r
 .text.__swbuf_r
                0x08007d70       0x7c D:/setups/stm32/STM32CubeIDE_1.19.0/STM32CubeIDE/plugins/com.st.stm32cube.ide.mcu.externaltools.gnu-tools-for-stm32.13.3.rel1.win32_1.0.100.202509120712/tools/bin/../lib/gcc/arm-none-eabi/13.3.1/../../../../arm-none-eabi/lib/thumb/v7e-m+fp/hard\libc_nano.a(libc_a-wbuf.o)
                0x08007d70                __swbuf_r
 .text.__swsetup_r
                0x08007dec       0xac D:/setups/stm32/STM32CubeIDE_1.19.0/STM32CubeIDE/plugins/com.st.stm32cube.ide.mcu.externaltools.gnu-tools-for-stm32.13.3.rel1.win32_1.0.100.202509120712/tools/bin/../lib/gcc/arm-none-eabi/13.3.1/../../../../arm-none-eabi/lib/thumb/v7e-m+fp/hard\libc_nano.a(libc_a-wsetup.o)
                0x08007dec                __swsetup_r
 .text.memmove  0x08007e98       0x34 D:/setups/stm32/STM32CubeIDE_1.19.0/STM32CubeIDE/plugins/com.st.stm32cube.ide.mcu.externaltools.gnu-tools-for-stm32.13.3.rel1.win32_1.0.100.202509120712/tools/bin/../lib/gcc/arm-none-eabi/13.3.1/../../../../arm-none-eabi/lib/thumb/v7e-m+fp/hard\libc_nano.a(libc_a-memmove.o)
                0x08007e98                memmove
 .text.strncmp  0x08007ecc       0x24 D:/setups/stm32/STM32CubeIDE_1.19.0/STM32CubeIDE/plugins/com.st.stm32cube.ide.mcu.externaltools.gnu-tools-for-stm32.13.3.rel1.win32_1.0.100.202509120712/tools/bin/../lib/gcc/arm-none-eabi/13.3.1/../../../../arm-none-eabi/lib/thumb/v7e-m+fp/hard\libc_nano.a(libc_a-strncmp.o)
                0x08007ecc                strncmp
 .text.nan      0x08007ef0       0x10 D:/setups/stm32/STM32CubeIDE_1.19.0/STM32CubeIDE/plugins/com.st.stm32cube.ide.mcu.externaltools.gnu-tools-for-stm32.13.3.rel1.win32_1.0.100.202509120712/tools/bin/../lib/gcc/arm-none-eabi/13.3.1/../../../../arm-none-eabi/lib/thumb/v7e-m+fp/hard\libc_nano.a(libm_a-s_nan.o)
                0x08007ef0                nan
 .text.__assert_func
                0x08007f00       0x3c D:/setups/stm32/STM32CubeIDE_1.19.0/STM32CubeIDE/plugins/com.st.stm32cube.ide.mcu.externaltools.gnu-tools-for-stm32.13.3.rel1.win32_1.0.100.202509120712/tools/bin/../lib/gcc/arm-none-eabi/13.3.1/../../../../arm-none-eabi/lib/thumb/v7e-m+fp/hard\libc_nano.a(libc_a-assert.o)
                0x08007f00                __assert_func
 .text.rshift   0x08007f3c       0xa4 D:/setups/stm32/STM32CubeIDE_1.19.0/STM32CubeIDE/plugins/com.st.stm32cube.ide.mcu.externaltools.gnu-tools-for-stm32.13.3.rel1.win32_1.0.100.202509120712/tools/bin/../lib/gcc/arm-none-eabi/13.3.1/../../../../arm-none-eabi/lib/thumb/v7e-m+fp/hard\libc_nano.a(libc_a-gdtoa-gethex.o)
 .text.__hexdig_fun
                0x08007fe0       0x2a D:/setups/stm32/STM32CubeIDE_1.19.0/STM32CubeIDE/plugins/com.st.stm32cube.ide.mcu.externaltools.gnu-tools-for-stm32.13.3.rel1.win32_1.0.100.202509120712/tools/bin/../lib/gcc/arm-none-eabi/13.3.1/../../../../arm-none-eabi/lib/thumb/v7e-m+fp/hard\libc_nano.a(libc_a-gdtoa-gethex.o)
                0x08007fe0                __hexdig_fun
 *fill*         0x0800800a        0x2 
 .text.__gethex
                0x0800800c      0x420 D:/setups/stm32/STM32CubeIDE_1.19.0/STM32CubeIDE/plugins/com.st.stm32cube.ide.mcu.externaltools.gnu-tools-for-stm32.13.3.rel1.win32_1.0.100.202509120712/tools/bin/../lib/gcc/arm-none-eabi/13.3.1/../../../../arm-none-eabi/lib/thumb/v7e-m+fp/hard\libc_nano.a(libc_a-gdtoa-gethex.o)
                0x0800800c                __gethex
 .text.L_shift  0x0800842c       0x24 D:/setups/stm32/STM32CubeIDE_1.19.0/STM32CubeIDE/plugins/com.st.stm32cube.ide.mcu.externaltools.gnu-tools-for-stm32.13.3.rel1.win32_1.0.100.202509120712/tools/bin/../lib/gcc/arm-none-eabi/13.3.1/../../../../arm-none-eabi/lib/thumb/v7e-m+fp/hard\libc_nano.a(libc_a-gdtoa-hexnan.o)
 .text.__match  0x08008450       0x28 D:/setups/stm32/STM32CubeIDE_1.19.0/STM32CubeIDE/plugins/com.st.stm32cube.ide.mcu.externaltools.gnu-tools-for-stm32.13.3.rel1.win32_1.0.100.202509120712/tools/bin/../lib/gcc/arm-none-eabi/13.3.1/../../../../arm-none-eabi/lib/thumb/v7e-m+fp/hard\libc_nano.a(libc_a-gdtoa-hexnan.o)
                0x08008450                __match
 .text.__hexnan
                0x08008478      0x136 D:/setups/stm32/STM32CubeIDE_1.19.0/STM32CubeIDE/plugins/com.st.stm32cube.ide.mcu.externaltools.gnu-tools-for-stm32.13.3.rel1.win32_1.0.100.202509120712/tools/bin/../lib/gcc/arm-none-eabi/13.3.1/../../../../arm-none-eabi/lib/thumb/v7e-m+fp/hard\libc_nano.a(libc_a-gdtoa-hexnan.o)
                0x08008478                __hexnan
 .text.__ascii_mbtowc
                0x080085ae       0x24 D:/setups/stm32/STM32CubeIDE_1.19.0/STM32CubeIDE/plugins/com.st.stm32cube.ide.mcu.externaltools.gnu-tools-for-stm32.13.3.rel1.win32_1.0.100.202509120712/tools/bin/../lib/gcc/arm-none-eabi/13.3.1/../../../../arm-none-eabi/lib/thumb/v7e-m+fp/hard\libc_nano.a(libc_a-mbtowc_r.o)
                0x080085ae                __ascii_mbtowc
 .text._realloc_r
                0x080085d2       0x5c D:/setups/stm32/STM32CubeIDE_1.19.0/STM32CubeIDE/plugins/com.st.stm32cube.ide.mcu.externaltools.gnu-tools-for-stm32.13.3.rel1.win32_1.0.100.202509120712/tools/bin/../lib/gcc/arm-none-eabi/13.3.1/../../../../arm-none-eabi/lib/thumb/v7e-m+fp/hard\libc_nano.a(libc_a-reallocr.o)
                0x080085d2                _realloc_r
 .text.__ascii_wctomb
                0x0800862e       0x1a D:/setups/stm32/STM32CubeIDE_1.19.0/STM32CubeIDE/plugins/com.st.stm32cube.ide.mcu.externaltools.gnu-tools-for-stm32.13.3.rel1.win32_1.0.100.202509120712/tools/bin/../lib/gcc/arm-none-eabi/13.3.1/../../../../arm-none-eabi/lib/thumb/v7e-m+fp/hard\libc_nano.a(libc_a-wctomb_r.o)
                0x0800862e                __ascii_wctomb
 .text.fprintf  0x08008648       0x24 D:/setups/stm32/STM32CubeIDE_1.19.0/STM32CubeIDE/plugins/com.st.stm32cube.ide.mcu.externaltools.gnu-tools-for-stm32.13.3.rel1.win32_1.0.100.202509120712/tools/bin/../lib/gcc/arm-none-eabi/13.3.1/../../../../arm-none-eabi/lib/thumb/v7e-m+fp/hard\libc_nano.a(libc_a-fprintf.o)
                0x08008648                fiprintf
                0x08008648                fprintf
 .text.__swhatbuf_r
                0x0800866c       0x4c D:/setups/stm32/STM32CubeIDE_1.19.0/STM32CubeIDE/plugins/com.st.stm32cube.ide.mcu.externaltools.gnu-tools-for-stm32.13.3.rel1.win32_1.0.100.202509120712/tools/bin/../lib/gcc/arm-none-eabi/13.3.1/../../../../arm-none-eabi/lib/thumb/v7e-m+fp/hard\libc_nano.a(libc_a-makebuf.o)
                0x0800866c                __swhatbuf_r
 .text.__smakebuf_r
                0x080086b8       0x78 D:/setups/stm32/STM32CubeIDE_1.19.0/STM32CubeIDE/plugins/com.st.stm32cube.ide.mcu.externaltools.gnu-tools-for-stm32.13.3.rel1.win32_1.0.100.202509120712/tools/bin/../lib/gcc/arm-none-eabi/13.3.1/../../../../arm-none-eabi/lib/thumb/v7e-m+fp/hard\libc_nano.a(libc_a-makebuf.o)
                0x080086b8                __smakebuf_r
 .text._fstat_r
                0x08008730       0x24 D:/setups/stm32/STM32CubeIDE_1.19.0/STM32CubeIDE/plugins/com.st.stm32cube.ide.mcu.externaltools.gnu-tools-for-stm32.13.3.rel1.win32_1.0.100.202509120712/tools/bin/../lib/gcc/arm-none-eabi/13.3.1/../../../../arm-none-eabi/lib/thumb/v7e-m+fp/hard\libc_nano.a(libc_a-fstatr.o)
                0x08008730                _fstat_r
 .text._isatty_r
                0x08008754       0x20 D:/setups/stm32/STM32CubeIDE_1.19.0/STM32CubeIDE/plugins/com.st.stm32cube.ide.mcu.externaltools.gnu-tools-for-stm32.13.3.rel1.win32_1.0.100.202509120712/tools/bin/../lib/gcc/arm-none-eabi/13.3.1/../../../../arm-none-eabi/lib/thumb/v7e-m+fp/hard\libc_nano.a(libc_a-isattyr.o)
                0x08008754                _isatty_r
 .text.abort    0x08008774        0xe D:/setups/stm32/STM32CubeIDE_1.19.0/STM32CubeIDE/plugins/com.st.stm32cube.ide.mcu.externaltools.gnu-tools-for-stm32.13.3.rel1.win32_1.0.100.202509120712/tools/bin/../lib/gcc/arm-none-eabi/13.3.1/../../../../arm-none-eabi/lib/thumb/v7e-m+fp/hard\libc_nano.a(libc_a-abort.o)
                0x08008774                abort
 .text._malloc_usable_size_r
                0x08008782       0x10 D:/setups/stm32/STM32CubeIDE_1.19.0/STM32CubeIDE/plugins/com.st.stm32cube.ide.mcu.externaltools.gnu-tools-for-stm32.13.3.rel1.win32_1.0.100.202509120712/tools/bin/../lib/gcc/arm-none-eabi/13.3.1/../../../../arm-none-eabi/lib/thumb/v7e-m+fp/hard\libc_nano.a(libc_a-msizer.o)
                0x08008782                _malloc_usable_size_r
 .text._raise_r
                0x08008792       0x50 D:/setups/stm32/STM32CubeIDE_1.19.0/STM32CubeIDE/plugins/com.st.stm32cube.ide.mcu.externaltools.gnu-tools-for-stm32.13.3.rel1.win32_1.0.100.202509120712/tools/bin/../lib/gcc/arm-none-eabi/13.3.1/../../../../arm-none-eabi/lib/thumb/v7e-m+fp/hard\libc_nano.a(libc_a-signal.o)
                0x08008792                _raise_r
 *fill*         0x080087e2        0x2 
 .text.raise    0x080087e4       0x10 D:/setups/stm32/STM32CubeIDE_1.19.0/STM32CubeIDE/plugins/com.st.stm32cube.ide.mcu.externaltools.gnu-tools-for-stm32.13.3.rel1.win32_1.0.100.202509120712/tools/bin/../lib/gcc/arm-none-eabi/13.3.1/../../../../arm-none-eabi/lib/thumb/v7e-m+fp/hard\libc_nano.a(libc_a-signal.o)
                0x080087e4                raise
 .text._kill_r  0x080087f4       0x24 D:/setups/stm32/STM32CubeIDE_1.19.0/STM32CubeIDE/plugins/com.st.stm32cube.ide.mcu.externaltools.gnu-tools-for-stm32.13.3.rel1.win32_1.0.100.202509120712/tools/bin/../lib/gcc/arm-none-eabi/13.3.1/../../../../arm-none-eabi/lib/thumb/v7e-m+fp/hard\libc_nano.a(libc_a-signalr.o)
                0x080087f4                _kill_r
 .text._getpid_r
                0x08008818        0x4 D:/setups/stm32/STM32CubeIDE_1.19.0/STM32CubeIDE/plugins/com.st.stm32cube.ide.mcu.externaltools.gnu-tools-for-stm32.13.3.rel1.win32_1.0.100.202509120712/tools/bin/../lib/gcc/arm-none-eabi/13.3.1/../../../../arm-none-eabi/lib/thumb/v7e-m+fp/hard\libc_nano.a(libc_a-signalr.o)
                0x08008818                _getpid_r
 .text.sqrtf    0x0800881c       0x3c D:/setups/stm32/STM32CubeIDE_1.19.0/STM32CubeIDE/plugins/com.st.stm32cube.ide.mcu.externaltools.gnu-tools-for-stm32.13.3.rel1.win32_1.0.100.202509120712/tools/bin/../lib/gcc/arm-none-eabi/13.3.1/../../../../arm-none-eabi/lib/thumb/v7e-m+fp/hard\libm.a(libm_a-wf_sqrt.o)
                0x0800881c                sqrtf
 .text.__ieee754_sqrtf
                0x08008858        0x6 D:/setups/stm32/STM32CubeIDE_1.19.0/STM32CubeIDE/plugins/com.st.stm32cube.ide.mcu.externaltools.gnu-tools-for-stm32.13.3.rel1.win32_1.0.100.202509120712/tools/bin/../lib/gcc/arm-none-eabi/13.3.1/../../../../arm-none-eabi/lib/thumb/v7e-m+fp/hard\libm.a(libm_a-ef_sqrt.o)
                0x08008858                __ieee754_sqrtf
 *(.glue_7)
 .glue_7        0x0800885e        0x0 linker stubs
 *(.glue_7t)
 .glue_7t       0x0800885e        0x0 linker stubs
 *(.eh_frame)
 *fill*         0x0800885e        0x2 
 .eh_frame      0x08008860        0x0 D:/setups/stm32/STM32CubeIDE_1.19.0/STM32CubeIDE/plugins/com.st.stm32cube.ide.mcu.externaltools.gnu-tools-for-stm32.13.3.rel1.win32_1.0.100.202509120712/tools/bin/../lib/gcc/arm-none-eabi/13.3.1/thumb/v7e-m+fp/hard/crtbegin.o
 *(.init)
 .init          0x08008860        0x4 D:/setups/stm32/STM32CubeIDE_1.19.0/STM32CubeIDE/plugins/com.st.stm32cube.ide.mcu.externaltools.gnu-tools-for-stm32.13.3.rel1.win32_1.0.100.202509120712/tools/bin/../lib/gcc/arm-none-eabi/13.3.1/thumb/v7e-m+fp/hard/crti.o
                0x08008860                _init
 .init          0x08008864        0x8 D:/setups/stm32/STM32CubeIDE_1.19.0/STM32CubeIDE/plugins/com.st.stm32cube.ide.mcu.externaltools.gnu-tools-for-stm32.13.3.rel1.win32_1.0.100.202509120712/tools/bin/../lib/gcc/arm-none-eabi/13.3.1/thumb/v7e-m+fp/hard/crtn.o
 *(.fini)
 .fini          0x0800886c        0x4 D:/setups/stm32/STM32CubeIDE_1.19.0/STM32CubeIDE/plugins/com.st.stm32cube.ide.mcu.externaltools.gnu-tools-for-stm32.13.3.rel1.win32_1.0.100.202509120712/tools/bin/../lib/gcc/arm-none-eabi/13.3.1/thumb/v7e-m+fp/hard/crti.o
                0x0800886c                _fini
 .fini          0x08008870        0x8 D:/setups/stm32/STM32CubeIDE_1.19.0/STM32CubeIDE/plugins/com.st.stm32cube.ide.mcu.externaltools.gnu-tools-for-stm32.13.3.rel1.win32_1.0.100.202509120712/tools/bin/../lib/gcc/arm-none-eabi/13.3.1/thumb/v7e-m+fp/hard/crtn.o
                0x08008878                        . = ALIGN (0x4)
                0x08008878                        _etext = .

.vfp11_veneer   0x08008878        0x0
 .vfp11_veneer  0x08008878        0x0 linker stubs

.v4_bx          0x08008878        0x0
 .v4_bx         0x08008878        0x0 linker stubs

.iplt           0x08008878        0x0
 .iplt          0x08008878        0x0 D:/setups/stm32/STM32CubeIDE_1.19.0/STM32CubeIDE/plugins/com.st.stm32cube.ide.mcu.externaltools.gnu-tools-for-stm32.13.3.rel1.win32_1.0.100.202509120712/tools/bin/../lib/gcc/arm-none-eabi/13.3.1/thumb/v7e-m+fp/hard/crtbegin.o

.rodata         0x08008878    0x1d8a4
                0x08008878                        . = ALIGN (0x4)
 *(.rodata)
 .rodata        0x08008878       0x11 ./MiscFns/miscfn.o
 *(.rodata*)
 *fill*         0x08008889        0x3 
 .rodata.twiddleCoef_16
                0x0800888c       0x80 ./CMSIS/DSP/Source/CommonTables/CommonTables.o
                0x0800888c                twiddleCoef_16
 .rodata.twiddleCoef_32
                0x0800890c      0x100 ./CMSIS/DSP/Source/CommonTables/CommonTables.o
                0x0800890c                twiddleCoef_32
 .rodata.twiddleCoef_64
                0x08008a0c      0x200 ./CMSIS/DSP/Source/CommonTables/CommonTables.o
                0x08008a0c                twiddleCoef_64
 .rodata.twiddleCoef_128
                0x08008c0c      0x400 ./CMSIS/DSP/Source/CommonTables/CommonTables.o
                0x08008c0c                twiddleCoef_128
 .rodata.twiddleCoef_256
                0x0800900c      0x800 ./CMSIS/DSP/Source/CommonTables/CommonTables.o
                0x0800900c                twiddleCoef_256
 .rodata.twiddleCoef_512
                0x0800980c     0x1000 ./CMSIS/DSP/Source/CommonTables/CommonTables.o
                0x0800980c                twiddleCoef_512
 .rodata.twiddleCoef_1024
                0x0800a80c     0x2000 ./CMSIS/DSP/Source/CommonTables/CommonTables.o
                0x0800a80c                twiddleCoef_1024
 .rodata.twiddleCoef_2048
                0x0800c80c     0x4000 ./CMSIS/DSP/Source/CommonTables/CommonTables.o
                0x0800c80c                twiddleCoef_2048
 .rodata.twiddleCoef_4096
                0x0801080c     0x8000 ./CMSIS/DSP/Source/CommonTables/CommonTables.o
                0x0801080c                twiddleCoef_4096
 .rodata.armBitRevIndexTable16
                0x0801880c       0x28 ./CMSIS/DSP/Source/CommonTables/CommonTables.o
                0x0801880c                armBitRevIndexTable16
 .rodata.armBitRevIndexTable32
                0x08018834       0x60 ./CMSIS/DSP/Source/CommonTables/CommonTables.o
                0x08018834                armBitRevIndexTable32
 .rodata.armBitRevIndexTable64
                0x08018894       0x70 ./CMSIS/DSP/Source/CommonTables/CommonTables.o
                0x08018894                armBitRevIndexTable64
 .rodata.armBitRevIndexTable128
                0x08018904      0x1a0 ./CMSIS/DSP/Source/CommonTables/CommonTables.o
                0x08018904                armBitRevIndexTable128
 .rodata.armBitRevIndexTable256
                0x08018aa4      0x370 ./CMSIS/DSP/Source/CommonTables/CommonTables.o
                0x08018aa4                armBitRevIndexTable256
 .rodata.armBitRevIndexTable512
                0x08018e14      0x380 ./CMSIS/DSP/Source/CommonTables/CommonTables.o
                0x08018e14                armBitRevIndexTable512
 .rodata.armBitRevIndexTable1024
                0x08019194      0xe10 ./CMSIS/DSP/Source/CommonTables/CommonTables.o
                0x08019194                armBitRevIndexTable1024
 .rodata.armBitRevIndexTable2048
                0x08019fa4     0x1dc0 ./CMSIS/DSP/Source/CommonTables/CommonTables.o
                0x08019fa4                armBitRevIndexTable2048
 .rodata.armBitRevIndexTable4096
                0x0801bd64     0x1f80 ./CMSIS/DSP/Source/CommonTables/CommonTables.o
                0x0801bd64                armBitRevIndexTable4096
 .rodata.twiddleCoef_rfft_32
                0x0801dce4       0x80 ./CMSIS/DSP/Source/CommonTables/CommonTables.o
                0x0801dce4                twiddleCoef_rfft_32
 .rodata.twiddleCoef_rfft_64
                0x0801dd64      0x100 ./CMSIS/DSP/Source/CommonTables/CommonTables.o
                0x0801dd64                twiddleCoef_rfft_64
 .rodata.twiddleCoef_rfft_128
                0x0801de64      0x200 ./CMSIS/DSP/Source/CommonTables/CommonTables.o
                0x0801de64                twiddleCoef_rfft_128
 .rodata.twiddleCoef_rfft_256
                0x0801e064      0x400 ./CMSIS/DSP/Source/CommonTables/CommonTables.o
                0x0801e064                twiddleCoef_rfft_256
 .rodata.twiddleCoef_rfft_512
                0x0801e464      0x800 ./CMSIS/DSP/Source/CommonTables/CommonTables.o
                0x0801e464                twiddleCoef_rfft_512
 .rodata.twiddleCoef_rfft_1024
                0x0801ec64     0x1000 ./CMSIS/DSP/Source/CommonTables/CommonTables.o
                0x0801ec64                twiddleCoef_rfft_1024
 .rodata.twiddleCoef_rfft_2048
                0x0801fc64     0x2000 ./CMSIS/DSP/Source/CommonTables/CommonTables.o
                0x0801fc64                twiddleCoef_rfft_2048
 .rodata.twiddleCoef_rfft_4096
                0x08021c64     0x4000 ./CMSIS/DSP/Source/CommonTables/CommonTables.o
                0x08021c64                twiddleCoef_rfft_4096
 .rodata.arm_cfft_sR_f32_len16
                0x08025c64       0x10 ./CMSIS/DSP/Source/CommonTables/CommonTables.o
                0x08025c64                arm_cfft_sR_f32_len16
 .rodata.arm_cfft_sR_f32_len32
                0x08025c74       0x10 ./CMSIS/DSP/Source/CommonTables/CommonTables.o
                0x08025c74                arm_cfft_sR_f32_len32
 .rodata.arm_cfft_sR_f32_len64
                0x08025c84       0x10 ./CMSIS/DSP/Source/CommonTables/CommonTables.o
                0x08025c84                arm_cfft_sR_f32_len64
 .rodata.arm_cfft_sR_f32_len128
                0x08025c94       0x10 ./CMSIS/DSP/Source/CommonTables/CommonTables.o
                0x08025c94                arm_cfft_sR_f32_len128
 .rodata.arm_cfft_sR_f32_len256
                0x08025ca4       0x10 ./CMSIS/DSP/Source/CommonTables/CommonTables.o
                0x08025ca4                arm_cfft_sR_f32_len256
 .rodata.arm_cfft_sR_f32_len512
                0x08025cb4       0x10 ./CMSIS/DSP/Source/CommonTables/CommonTables.o
                0x08025cb4                arm_cfft_sR_f32_len512
 .rodata.arm_cfft_sR_f32_len1024
                0x08025cc4       0x10 ./CMSIS/DSP/Source/CommonTables/CommonTables.o
                0x08025cc4                arm_cfft_sR_f32_len1024
 .rodata.arm_cfft_sR_f32_len2048
                0x08025cd4       0x10 ./CMSIS/DSP/Source/CommonTables/CommonTables.o
                0x08025cd4                arm_cfft_sR_f32_len2048
 .rodata.arm_cfft_sR_f32_len4096
                0x08025ce4       0x10 ./CMSIS/DSP/Source/CommonTables/CommonTables.o
                0x08025ce4                arm_cfft_sR_f32_len4096
 .rodata._printf_float.str1.1
                0x08025cf4      0x1d6 D:/setups/stm32/STM32CubeIDE_1.19.0/STM32CubeIDE/plugins/com.st.stm32cube.ide.mcu.externaltools.gnu-tools-for-stm32.13.3.rel1.win32_1.0.100.202509120712/tools/bin/../lib/gcc/arm-none-eabi/13.3.1/../../../../arm-none-eabi/lib/thumb/v7e-m+fp/hard\libc_nano.a(libc_a-nano-vfprintf_float.o)
                                 0x12 (size before relaxing)
 .rodata._printf_i.str1.1
                0x08025eca        0x0 D:/setups/stm32/STM32CubeIDE_1.19.0/STM32CubeIDE/plugins/com.st.stm32cube.ide.mcu.externaltools.gnu-tools-for-stm32.13.3.rel1.win32_1.0.100.202509120712/tools/bin/../lib/gcc/arm-none-eabi/13.3.1/../../../../arm-none-eabi/lib/thumb/v7e-m+fp/hard\libc_nano.a(libc_a-nano-vfprintf_i.o)
                                 0x22 (size before relaxing)
 .rodata._scanf_float.str1.1
                0x08025eca        0x0 D:/setups/stm32/STM32CubeIDE_1.19.0/STM32CubeIDE/plugins/com.st.stm32cube.ide.mcu.externaltools.gnu-tools-for-stm32.13.3.rel1.win32_1.0.100.202509120712/tools/bin/../lib/gcc/arm-none-eabi/13.3.1/../../../../arm-none-eabi/lib/thumb/v7e-m+fp/hard\libc_nano.a(libc_a-nano-vfscanf_float.o)
                                  0x6 (size before relaxing)
 .rodata._dtoa_r.str1.1
                0x08025eca        0x0 D:/setups/stm32/STM32CubeIDE_1.19.0/STM32CubeIDE/plugins/com.st.stm32cube.ide.mcu.externaltools.gnu-tools-for-stm32.13.3.rel1.win32_1.0.100.202509120712/tools/bin/../lib/gcc/arm-none-eabi/13.3.1/../../../../arm-none-eabi/lib/thumb/v7e-m+fp/hard\libc_nano.a(libc_a-dtoa.o)
                                 0x8f (size before relaxing)
 .rodata._Balloc.str1.1
                0x08025eca        0x0 D:/setups/stm32/STM32CubeIDE_1.19.0/STM32CubeIDE/plugins/com.st.stm32cube.ide.mcu.externaltools.gnu-tools-for-stm32.13.3.rel1.win32_1.0.100.202509120712/tools/bin/../lib/gcc/arm-none-eabi/13.3.1/../../../../arm-none-eabi/lib/thumb/v7e-m+fp/hard\libc_nano.a(libc_a-mprec.o)
                                 0x70 (size before relaxing)
 .rodata.__multadd.str1.1
                0x08025eca        0x0 D:/setups/stm32/STM32CubeIDE_1.19.0/STM32CubeIDE/plugins/com.st.stm32cube.ide.mcu.externaltools.gnu-tools-for-stm32.13.3.rel1.win32_1.0.100.202509120712/tools/bin/../lib/gcc/arm-none-eabi/13.3.1/../../../../arm-none-eabi/lib/thumb/v7e-m+fp/hard\libc_nano.a(libc_a-mprec.o)
                                 0x11 (size before relaxing)
 *fill*         0x08025eca        0x2 
 .rodata.p05.0  0x08025ecc        0xc D:/setups/stm32/STM32CubeIDE_1.19.0/STM32CubeIDE/plugins/com.st.stm32cube.ide.mcu.externaltools.gnu-tools-for-stm32.13.3.rel1.win32_1.0.100.202509120712/tools/bin/../lib/gcc/arm-none-eabi/13.3.1/../../../../arm-none-eabi/lib/thumb/v7e-m+fp/hard\libc_nano.a(libc_a-mprec.o)
 .rodata.__mprec_bigtens
                0x08025ed8       0x28 D:/setups/stm32/STM32CubeIDE_1.19.0/STM32CubeIDE/plugins/com.st.stm32cube.ide.mcu.externaltools.gnu-tools-for-stm32.13.3.rel1.win32_1.0.100.202509120712/tools/bin/../lib/gcc/arm-none-eabi/13.3.1/../../../../arm-none-eabi/lib/thumb/v7e-m+fp/hard\libc_nano.a(libc_a-mprec.o)
                0x08025ed8                __mprec_bigtens
 .rodata.__mprec_tens
                0x08025f00       0xc8 D:/setups/stm32/STM32CubeIDE_1.19.0/STM32CubeIDE/plugins/com.st.stm32cube.ide.mcu.externaltools.gnu-tools-for-stm32.13.3.rel1.win32_1.0.100.202509120712/tools/bin/../lib/gcc/arm-none-eabi/13.3.1/../../../../arm-none-eabi/lib/thumb/v7e-m+fp/hard\libc_nano.a(libc_a-mprec.o)
                0x08025f00                __mprec_tens
 .rodata._strtod_l.str1.1
                0x08025fc8        0x0 D:/setups/stm32/STM32CubeIDE_1.19.0/STM32CubeIDE/plugins/com.st.stm32cube.ide.mcu.externaltools.gnu-tools-for-stm32.13.3.rel1.win32_1.0.100.202509120712/tools/bin/../lib/gcc/arm-none-eabi/13.3.1/../../../../arm-none-eabi/lib/thumb/v7e-m+fp/hard\libc_nano.a(libc_a-strtod.o)
                                  0xf (size before relaxing)
 .rodata.fpinan.0
                0x08025fc8       0x14 D:/setups/stm32/STM32CubeIDE_1.19.0/STM32CubeIDE/plugins/com.st.stm32cube.ide.mcu.externaltools.gnu-tools-for-stm32.13.3.rel1.win32_1.0.100.202509120712/tools/bin/../lib/gcc/arm-none-eabi/13.3.1/../../../../arm-none-eabi/lib/thumb/v7e-m+fp/hard\libc_nano.a(libc_a-strtod.o)
 .rodata.fpi.1  0x08025fdc       0x14 D:/setups/stm32/STM32CubeIDE_1.19.0/STM32CubeIDE/plugins/com.st.stm32cube.ide.mcu.externaltools.gnu-tools-for-stm32.13.3.rel1.win32_1.0.100.202509120712/tools/bin/../lib/gcc/arm-none-eabi/13.3.1/../../../../arm-none-eabi/lib/thumb/v7e-m+fp/hard\libc_nano.a(libc_a-strtod.o)
 .rodata.tinytens
                0x08025ff0       0x28 D:/setups/stm32/STM32CubeIDE_1.19.0/STM32CubeIDE/plugins/com.st.stm32cube.ide.mcu.externaltools.gnu-tools-for-stm32.13.3.rel1.win32_1.0.100.202509120712/tools/bin/../lib/gcc/arm-none-eabi/13.3.1/../../../../arm-none-eabi/lib/thumb/v7e-m+fp/hard\libc_nano.a(libc_a-strtod.o)
 .rodata._ctype_
                0x08026018      0x101 D:/setups/stm32/STM32CubeIDE_1.19.0/STM32CubeIDE/plugins/com.st.stm32cube.ide.mcu.externaltools.gnu-tools-for-stm32.13.3.rel1.win32_1.0.100.202509120712/tools/bin/../lib/gcc/arm-none-eabi/13.3.1/../../../../arm-none-eabi/lib/thumb/v7e-m+fp/hard\libc_nano.a(libc_a-ctype_.o)
                0x08026018                _ctype_
 .rodata._svfprintf_r.str1.1
                0x08026119        0x0 D:/setups/stm32/STM32CubeIDE_1.19.0/STM32CubeIDE/plugins/com.st.stm32cube.ide.mcu.externaltools.gnu-tools-for-stm32.13.3.rel1.win32_1.0.100.202509120712/tools/bin/../lib/gcc/arm-none-eabi/13.3.1/../../../../arm-none-eabi/lib/thumb/v7e-m+fp/hard\libc_nano.a(libc_a-nano-svfprintf.o)
                                 0x11 (size before relaxing)
 .rodata._vfprintf_r.str1.1
                0x08026119        0x0 D:/setups/stm32/STM32CubeIDE_1.19.0/STM32CubeIDE/plugins/com.st.stm32cube.ide.mcu.externaltools.gnu-tools-for-stm32.13.3.rel1.win32_1.0.100.202509120712/tools/bin/../lib/gcc/arm-none-eabi/13.3.1/../../../../arm-none-eabi/lib/thumb/v7e-m+fp/hard\libc_nano.a(libc_a-nano-vfprintf.o)
                                 0x11 (size before relaxing)
 .rodata._setlocale_r.str1.1
                0x08026119        0x0 D:/setups/stm32/STM32CubeIDE_1.19.0/STM32CubeIDE/plugins/com.st.stm32cube.ide.mcu.externaltools.gnu-tools-for-stm32.13.3.rel1.win32_1.0.100.202509120712/tools/bin/../lib/gcc/arm-none-eabi/13.3.1/../../../../arm-none-eabi/lib/thumb/v7e-m+fp/hard\libc_nano.a(libc_a-locale.o)
                                  0x9 (size before relaxing)
 .rodata.str1.1
                0x08026119        0x0 D:/setups/stm32/STM32CubeIDE_1.19.0/STM32CubeIDE/plugins/com.st.stm32cube.ide.mcu.externaltools.gnu-tools-for-stm32.13.3.rel1.win32_1.0.100.202509120712/tools/bin/../lib/gcc/arm-none-eabi/13.3.1/../../../../arm-none-eabi/lib/thumb/v7e-m+fp/hard\libc_nano.a(libc_a-locale.o)
                                  0x2 (size before relaxing)
 .rodata.__assert_func.str1.1
                0x08026119        0x0 D:/setups/stm32/STM32CubeIDE_1.19.0/STM32CubeIDE/plugins/com.st.stm32cube.ide.mcu.externaltools.gnu-tools-for-stm32.13.3.rel1.win32_1.0.100.202509120712/tools/bin/../lib/gcc/arm-none-eabi/13.3.1/../../../../arm-none-eabi/lib/thumb/v7e-m+fp/hard\libc_nano.a(libc_a-assert.o)
                                 0x3d (size before relaxing)
 .rodata.__gethex.str1.1
                0x08026119        0x0 D:/setups/stm32/STM32CubeIDE_1.19.0/STM32CubeIDE/plugins/com.st.stm32cube.ide.mcu.externaltools.gnu-tools-for-stm32.13.3.rel1.win32_1.0.100.202509120712/tools/bin/../lib/gcc/arm-none-eabi/13.3.1/../../../../arm-none-eabi/lib/thumb/v7e-m+fp/hard\libc_nano.a(libc_a-gdtoa-gethex.o)
                                 0x73 (size before relaxing)
                0x0802611c                        . = ALIGN (0x4)
 *fill*         0x08026119        0x3 

.ARM.extab      0x0802611c        0x0
                0x0802611c                        . = ALIGN (0x4)
 *(.ARM.extab* .gnu.linkonce.armextab.*)
                0x0802611c                        . = ALIGN (0x4)

.ARM            0x0802611c        0x8
                0x0802611c                        . = ALIGN (0x4)
                0x0802611c                        __exidx_start = .
 *(.ARM.exidx*)
 .ARM.exidx     0x0802611c        0x8 D:/setups/stm32/STM32CubeIDE_1.19.0/STM32CubeIDE/plugins/com.st.stm32cube.ide.mcu.externaltools.gnu-tools-for-stm32.13.3.rel1.win32_1.0.100.202509120712/tools/bin/../lib/gcc/arm-none-eabi/13.3.1/../../../../arm-none-eabi/lib/thumb/v7e-m+fp/hard\libc_nano.a(libc_a-memchr.o)
 .ARM.exidx     0x08026124        0x0 D:/setups/stm32/STM32CubeIDE_1.19.0/STM32CubeIDE/plugins/com.st.stm32cube.ide.mcu.externaltools.gnu-tools-for-stm32.13.3.rel1.win32_1.0.100.202509120712/tools/bin/../lib/gcc/arm-none-eabi/13.3.1/../../../../arm-none-eabi/lib/thumb/v7e-m+fp/hard\libc_nano.a(libc_a-strlen.o)
                                  0x8 (size before relaxing)
                0x08026124                        __exidx_end = .
                0x08026124                        . = ALIGN (0x4)

.preinit_array  0x08026124        0x0
                0x08026124                        . = ALIGN (0x4)
                0x08026124                        PROVIDE (__preinit_array_start = .)
 *(.preinit_array*)
                0x08026124                        PROVIDE (__preinit_array_end = .)
                0x08026124                        . = ALIGN (0x4)

.init_array     0x08026124        0x4
                0x08026124                        . = ALIGN (0x4)
                0x08026124                        PROVIDE (__init_array_start = .)
 *(SORT_BY_NAME(.init_array.*))
 *(.init_array*)
 .init_array    0x08026124        0x4 D:/setups/stm32/STM32CubeIDE_1.19.0/STM32CubeIDE/plugins/com.st.stm32cube.ide.mcu.externaltools.gnu-tools-for-stm32.13.3.rel1.win32_1.0.100.202509120712/tools/bin/../lib/gcc/arm-none-eabi/13.3.1/thumb/v7e-m+fp/hard/crtbegin.o
                0x08026128                        PROVIDE (__init_array_end = .)
                0x08026128                        . = ALIGN (0x4)

.fini_array     0x08026128        0x4
                0x08026128                        . = ALIGN (0x4)
                [!provide]                        PROVIDE (__fini_array_start = .)
 *(SORT_BY_NAME(.fini_array.*))
 *(.fini_array*)
 .fini_array    0x08026128        0x4 D:/setups/stm32/STM32CubeIDE_1.19.0/STM32CubeIDE/plugins/com.st.stm32cube.ide.mcu.externaltools.gnu-tools-for-stm32.13.3.rel1.win32_1.0.100.202509120712/tools/bin/../lib/gcc/arm-none-eabi/13.3.1/thumb/v7e-m+fp/hard/crtbegin.o
                [!provide]                        PROVIDE (__fini_array_end = .)
                0x0802612c                        . = ALIGN (0x4)
                0x0802612c                        _sidata = LOADADDR (.data)

.rel.dyn        0x0802612c        0x0
 .rel.iplt      0x0802612c        0x0 D:/setups/stm32/STM32CubeIDE_1.19.0/STM32CubeIDE/plugins/com.st.stm32cube.ide.mcu.externaltools.gnu-tools-for-stm32.13.3.rel1.win32_1.0.100.202509120712/tools/bin/../lib/gcc/arm-none-eabi/13.3.1/thumb/v7e-m+fp/hard/crtbegin.o

.data           0x20000000     0x16e4 load address 0x0802612c
                0x20000000                        . = ALIGN (0x4)
                0x20000000                        _sdata = .
 *(.data)
 *(.data*)
 .data.inputSignal_f32_1kHz_15kHz
                0x20000000      0x4fc ./Src/signals.o
                0x20000000                inputSignal_f32_1kHz_15kHz
 .data.IpSig_10hz_100hz_500hz
                0x200004fc      0xfa4 ./Src/signals.o
                0x200004fc                IpSig_10hz_100hz_500hz
 .data.LP_1HZ_2HZ_IMPULSE_RESPONSE
                0x200014a0       0x7c ./Src/signals.o
                0x200014a0                LP_1HZ_2HZ_IMPULSE_RESPONSE
 .data.__sglue  0x2000151c        0xc D:/setups/stm32/STM32CubeIDE_1.19.0/STM32CubeIDE/plugins/com.st.stm32cube.ide.mcu.externaltools.gnu-tools-for-stm32.13.3.rel1.win32_1.0.100.202509120712/tools/bin/../lib/gcc/arm-none-eabi/13.3.1/../../../../arm-none-eabi/lib/thumb/v7e-m+fp/hard\libc_nano.a(libc_a-findfp.o)
                0x2000151c                __sglue
 .data._impure_ptr
                0x20001528        0x4 D:/setups/stm32/STM32CubeIDE_1.19.0/STM32CubeIDE/plugins/com.st.stm32cube.ide.mcu.externaltools.gnu-tools-for-stm32.13.3.rel1.win32_1.0.100.202509120712/tools/bin/../lib/gcc/arm-none-eabi/13.3.1/../../../../arm-none-eabi/lib/thumb/v7e-m+fp/hard\libc_nano.a(libc_a-impure.o)
                0x20001528                _impure_ptr
 .data._impure_data
                0x2000152c       0x4c D:/setups/stm32/STM32CubeIDE_1.19.0/STM32CubeIDE/plugins/com.st.stm32cube.ide.mcu.externaltools.gnu-tools-for-stm32.13.3.rel1.win32_1.0.100.202509120712/tools/bin/../lib/gcc/arm-none-eabi/13.3.1/../../../../arm-none-eabi/lib/thumb/v7e-m+fp/hard\libc_nano.a(libc_a-impure.o)
                0x2000152c                _impure_data
 .data.__global_locale
                0x20001578      0x16c D:/setups/stm32/STM32CubeIDE_1.19.0/STM32CubeIDE/plugins/com.st.stm32cube.ide.mcu.externaltools.gnu-tools-for-stm32.13.3.rel1.win32_1.0.100.202509120712/tools/bin/../lib/gcc/arm-none-eabi/13.3.1/../../../../arm-none-eabi/lib/thumb/v7e-m+fp/hard\libc_nano.a(libc_a-locale.o)
                0x20001578                __global_locale
 *(.RamFunc)
 *(.RamFunc*)
                0x200016e4                        . = ALIGN (0x4)
                0x200016e4                        _edata = .

.igot.plt       0x200016e4        0x0 load address 0x08027810
 .igot.plt      0x200016e4        0x0 D:/setups/stm32/STM32CubeIDE_1.19.0/STM32CubeIDE/plugins/com.st.stm32cube.ide.mcu.externaltools.gnu-tools-for-stm32.13.3.rel1.win32_1.0.100.202509120712/tools/bin/../lib/gcc/arm-none-eabi/13.3.1/thumb/v7e-m+fp/hard/crtbegin.o
                0x200016e4                        . = ALIGN (0x4)

.bss            0x200016e4     0x238c load address 0x08027810
                0x200016e4                        _sbss = .
                0x200016e4                        __bss_start__ = _sbss
 *(.bss)
 .bss           0x200016e4       0x1c D:/setups/stm32/STM32CubeIDE_1.19.0/STM32CubeIDE/plugins/com.st.stm32cube.ide.mcu.externaltools.gnu-tools-for-stm32.13.3.rel1.win32_1.0.100.202509120712/tools/bin/../lib/gcc/arm-none-eabi/13.3.1/thumb/v7e-m+fp/hard/crtbegin.o
 *(.bss*)
 .bss.RX_FIFO   0x20001700      0x4b0 ./Src/adc.o
                0x20001700                RX_FIFO
 .bss.rxPutPt   0x20001bb0        0x4 ./Src/adc.o
                0x20001bb0                rxPutPt
 .bss.rxGetPt   0x20001bb4        0x4 ./Src/adc.o
                0x20001bb4                rxGetPt
 .bss.fftHandler
                0x20001bb8       0x18 ./Src/main.o
                0x20001bb8                fftHandler
 .bss.outputArrDFTCMSIS2
                0x20001bd0      0xfa4 ./Src/main.o
                0x20001bd0                outputArrDFTCMSIS2
 .bss.magnitude
                0x20002b74      0x7d4 ./Src/main.o
                0x20002b74                magnitude
 .bss.outputArrMvg
                0x20003348      0x4fc ./Src/main.o
                0x20003348                outputArrMvg
 .bss.lpfFir    0x20003844       0x14 ./Src/main.o
                0x20003844                lpfFir
 .bss.myRxData  0x20003858       0xc8 ./Src/main.o
                0x20003858                myRxData
 .bss.__sbrk_heap_end
                0x20003920        0x4 ./Src/sysmem.o
 .bss.__malloc_sbrk_start
                0x20003924        0x4 D:/setups/stm32/STM32CubeIDE_1.19.0/STM32CubeIDE/plugins/com.st.stm32cube.ide.mcu.externaltools.gnu-tools-for-stm32.13.3.rel1.win32_1.0.100.202509120712/tools/bin/../lib/gcc/arm-none-eabi/13.3.1/../../../../arm-none-eabi/lib/thumb/v7e-m+fp/hard\libc_nano.a(libc_a-mallocr.o)
                0x20003924                __malloc_sbrk_start
 .bss.__malloc_free_list
                0x20003928        0x4 D:/setups/stm32/STM32CubeIDE_1.19.0/STM32CubeIDE/plugins/com.st.stm32cube.ide.mcu.externaltools.gnu-tools-for-stm32.13.3.rel1.win32_1.0.100.202509120712/tools/bin/../lib/gcc/arm-none-eabi/13.3.1/../../../../arm-none-eabi/lib/thumb/v7e-m+fp/hard\libc_nano.a(libc_a-mallocr.o)
                0x20003928                __malloc_free_list
 .bss.__sf      0x2000392c      0x138 D:/setups/stm32/STM32CubeIDE_1.19.0/STM32CubeIDE/plugins/com.st.stm32cube.ide.mcu.externaltools.gnu-tools-for-stm32.13.3.rel1.win32_1.0.100.202509120712/tools/bin/../lib/gcc/arm-none-eabi/13.3.1/../../../../arm-none-eabi/lib/thumb/v7e-m+fp/hard\libc_nano.a(libc_a-findfp.o)
                0x2000392c                __sf
 .bss.__stdio_exit_handler
                0x20003a64        0x4 D:/setups/stm32/STM32CubeIDE_1.19.0/STM32CubeIDE/plugins/com.st.stm32cube.ide.mcu.externaltools.gnu-tools-for-stm32.13.3.rel1.win32_1.0.100.202509120712/tools/bin/../lib/gcc/arm-none-eabi/13.3.1/../../../../arm-none-eabi/lib/thumb/v7e-m+fp/hard\libc_nano.a(libc_a-findfp.o)
                0x20003a64                __stdio_exit_handler
 .bss.errno     0x20003a68        0x4 D:/setups/stm32/STM32CubeIDE_1.19.0/STM32CubeIDE/plugins/com.st.stm32cube.ide.mcu.externaltools.gnu-tools-for-stm32.13.3.rel1.win32_1.0.100.202509120712/tools/bin/../lib/gcc/arm-none-eabi/13.3.1/../../../../arm-none-eabi/lib/thumb/v7e-m+fp/hard\libc_nano.a(libc_a-reent.o)
                0x20003a68                errno
 .bss.__lock___malloc_recursive_mutex
                0x20003a6c        0x1 D:/setups/stm32/STM32CubeIDE_1.19.0/STM32CubeIDE/plugins/com.st.stm32cube.ide.mcu.externaltools.gnu-tools-for-stm32.13.3.rel1.win32_1.0.100.202509120712/tools/bin/../lib/gcc/arm-none-eabi/13.3.1/../../../../arm-none-eabi/lib/thumb/v7e-m+fp/hard\libc_nano.a(libc_a-lock.o)
                0x20003a6c                __lock___malloc_recursive_mutex
 .bss.__lock___sfp_recursive_mutex
                0x20003a6d        0x1 D:/setups/stm32/STM32CubeIDE_1.19.0/STM32CubeIDE/plugins/com.st.stm32cube.ide.mcu.externaltools.gnu-tools-for-stm32.13.3.rel1.win32_1.0.100.202509120712/tools/bin/../lib/gcc/arm-none-eabi/13.3.1/../../../../arm-none-eabi/lib/thumb/v7e-m+fp/hard\libc_nano.a(libc_a-lock.o)
                0x20003a6d                __lock___sfp_recursive_mutex
 *(COMMON)
                0x20003a70                        . = ALIGN (0x4)
 *fill*         0x20003a6e        0x2 
                0x20003a70                        _ebss = .
                0x20003a70                        __bss_end__ = _ebss

._user_heap_stack
                0x20003a70      0x600 load address 0x08027810
                0x20003a70                        . = ALIGN (0x8)
                [!provide]                        PROVIDE (end = .)
                0x20003a70                        PROVIDE (_end = .)
                0x20003c70                        . = (. + _Min_Heap_Size)
 *fill*         0x20003a70      0x200 
                0x20004070                        . = (. + _Min_Stack_Size)
 *fill*         0x20003c70      0x400 
                0x20004070                        . = ALIGN (0x8)

/DISCARD/
 libc.a(*)
 libm.a(*)
 libgcc.a(*)

.ARM.attributes
                0x00000000       0x30
 *(.ARM.attributes)
 .ARM.attributes
                0x00000000       0x22 D:/setups/stm32/STM32CubeIDE_1.19.0/STM32CubeIDE/plugins/com.st.stm32cube.ide.mcu.externaltools.gnu-tools-for-stm32.13.3.rel1.win32_1.0.100.202509120712/tools/bin/../lib/gcc/arm-none-eabi/13.3.1/thumb/v7e-m+fp/hard/crti.o
 .ARM.attributes
                0x00000022       0x34 D:/setups/stm32/STM32CubeIDE_1.19.0/STM32CubeIDE/plugins/com.st.stm32cube.ide.mcu.externaltools.gnu-tools-for-stm32.13.3.rel1.win32_1.0.100.202509120712/tools/bin/../lib/gcc/arm-none-eabi/13.3.1/thumb/v7e-m+fp/hard/crtbegin.o
 .ARM.attributes
                0x00000056       0x34 ./CMSIS/DSP/Source/CommonTables/CommonTables.o
 .ARM.attributes
                0x0000008a       0x34 ./CMSIS/DSP/Source/ComplexMathFunctions/ComplexMathFunctions.o
 .ARM.attributes
                0x000000be       0x34 ./CMSIS/DSP/Source/TransformFunctions/TransformFunctions.o
 .ARM.attributes
                0x000000f2       0x34 ./MiscFns/clkcfg.o
 .ARM.attributes
                0x00000126       0x34 ./MiscFns/miscfn.o
 .ARM.attributes
                0x0000015a       0x34 ./Src/adc.o
 .ARM.attributes
                0x0000018e       0x34 ./Src/filters.o
 .ARM.attributes
                0x000001c2       0x34 ./Src/main.o
 .ARM.attributes
                0x000001f6       0x34 ./Src/signals.o
 .ARM.attributes
                0x0000022a       0x34 ./Src/syscalls.o
 .ARM.attributes
                0x0000025e       0x34 ./Src/sysmem.o
 .ARM.attributes
                0x00000292       0x34 ./Src/systick.o
 .ARM.attributes
                0x000002c6       0x34 ./Src/uart.o
 .ARM.attributes
                0x000002fa       0x21 ./Startup/startup_stm32f446retx.o
 .ARM.attributes
                0x0000031b       0x34 D:/setups/stm32/STM32CubeIDE_1.19.0/STM32CubeIDE/plugins/com.st.stm32cube.ide.mcu.externaltools.gnu-tools-for-stm32.13.3.rel1.win32_1.0.100.202509120712/tools/bin/../lib/gcc/arm-none-eabi/13.3.1/../../../../arm-none-eabi/lib/thumb/v7e-m+fp/hard\libc_nano.a(libc_a-calloc.o)
 .ARM.attributes
                0x0000034f       0x34 D:/setups/stm32/STM32CubeIDE_1.19.0/STM32CubeIDE/plugins/com.st.stm32cube.ide.mcu.externaltools.gnu-tools-for-stm32.13.3.rel1.win32_1.0.100.202509120712/tools/bin/../lib/gcc/arm-none-eabi/13.3.1/../../../../arm-none-eabi/lib/thumb/v7e-m+fp/hard\libc_nano.a(libc_a-callocr.o)
 .ARM.attributes
                0x00000383       0x34 D:/setups/stm32/STM32CubeIDE_1.19.0/STM32CubeIDE/plugins/com.st.stm32cube.ide.mcu.externaltools.gnu-tools-for-stm32.13.3.rel1.win32_1.0.100.202509120712/tools/bin/../lib/gcc/arm-none-eabi/13.3.1/../../../../arm-none-eabi/lib/thumb/v7e-m+fp/hard\libc_nano.a(libc_a-mallocr.o)
 .ARM.attributes
                0x000003b7       0x34 D:/setups/stm32/STM32CubeIDE_1.19.0/STM32CubeIDE/plugins/com.st.stm32cube.ide.mcu.externaltools.gnu-tools-for-stm32.13.3.rel1.win32_1.0.100.202509120712/tools/bin/../lib/gcc/arm-none-eabi/13.3.1/../../../../arm-none-eabi/lib/thumb/v7e-m+fp/hard\libc_nano.a(libc_a-mlock.o)
 .ARM.attributes
                0x000003eb       0x34 D:/setups/stm32/STM32CubeIDE_1.19.0/STM32CubeIDE/plugins/com.st.stm32cube.ide.mcu.externaltools.gnu-tools-for-stm32.13.3.rel1.win32_1.0.100.202509120712/tools/bin/../lib/gcc/arm-none-eabi/13.3.1/../../../../arm-none-eabi/lib/thumb/v7e-m+fp/hard\libc_nano.a(libc_a-nano-vfprintf_float.o)
 .ARM.attributes